// Jest Snapshot v1, https://jestjs.io/docs/snapshot-testing

exports[`Collection: Equation Color - Animations Shape color-only 1`] = `
{
  "border": [
    [
      [
        -0.3,
        -0.006,
      ],
      [
        -0.22,
        -0.006,
      ],
      [
        -0.22,
        0.088,
      ],
      [
        -0.3,
        0.088,
      ],
    ],
    [
      [
        -0.22,
        -0.006,
      ],
      [
        -0.14,
        -0.006,
      ],
      [
        -0.14,
        0.12,
      ],
      [
        -0.22,
        0.12,
      ],
    ],
    [
      [
        -0.14,
        -0.006,
      ],
      [
        -0.06,
        -0.006,
      ],
      [
        -0.06,
        0.088,
      ],
      [
        -0.14,
        0.088,
      ],
    ],
  ],
  "elements": {
    "a": {
      "border": [
        [
          [
            -0.3,
            -0.006,
          ],
          [
            -0.22,
            -0.006,
          ],
          [
            -0.22,
            0.088,
          ],
          [
            -0.3,
            0.088,
          ],
        ],
      ],
      "touchBorder": [
        [
          [
            -0.3,
            -0.006,
          ],
          [
            -0.22,
            -0.006,
          ],
          [
            -0.22,
            0.088,
          ],
          [
            -0.3,
            0.088,
          ],
        ],
      ],
    },
    "b": {
      "border": [
        [
          [
            -0.22,
            -0.006,
          ],
          [
            -0.14,
            -0.006,
          ],
          [
            -0.14,
            0.12,
          ],
          [
            -0.22,
            0.12,
          ],
        ],
      ],
      "touchBorder": [
        [
          [
            -0.22,
            -0.006,
          ],
          [
            -0.14,
            -0.006,
          ],
          [
            -0.14,
            0.12,
          ],
          [
            -0.22,
            0.12,
          ],
        ],
      ],
    },
    "c": {
      "border": [
        [
          [
            -0.14,
            -0.006,
          ],
          [
            -0.06,
            -0.006,
          ],
          [
            -0.06,
            0.088,
          ],
          [
            -0.14,
            0.088,
          ],
        ],
      ],
      "touchBorder": [
        [
          [
            -0.14,
            -0.006,
          ],
          [
            -0.06,
            -0.006,
          ],
          [
            -0.06,
            0.088,
          ],
          [
            -0.14,
            0.088,
          ],
        ],
      ],
    },
  },
  "touchBorder": [
    [
      [
        -0.3,
        -0.006,
      ],
      [
        -0.06,
        -0.006,
      ],
      [
        -0.06,
        0.12,
      ],
      [
        -0.3,
        0.12,
      ],
    ],
  ],
}
`;

exports[`Collection: Equation Color - Animations Shape color-out-only 1`] = `
{
  "border": [
    [
      [
        -0.3,
        -0.006,
      ],
      [
        -0.22,
        -0.006,
      ],
      [
        -0.22,
        0.088,
      ],
      [
        -0.3,
        0.088,
      ],
    ],
    [
      [
        -0.22,
        -0.006,
      ],
      [
        -0.14,
        -0.006,
      ],
      [
        -0.14,
        0.12,
      ],
      [
        -0.22,
        0.12,
      ],
    ],
    [
      [
        -0.14,
        -0.006,
      ],
      [
        -0.06,
        -0.006,
      ],
      [
        -0.06,
        0.088,
      ],
      [
        -0.14,
        0.088,
      ],
    ],
  ],
  "elements": {
    "a": {
      "border": [
        [
          [
            -0.3,
            -0.006,
          ],
          [
            -0.22,
            -0.006,
          ],
          [
            -0.22,
            0.088,
          ],
          [
            -0.3,
            0.088,
          ],
        ],
      ],
      "touchBorder": [
        [
          [
            -0.3,
            -0.006,
          ],
          [
            -0.22,
            -0.006,
          ],
          [
            -0.22,
            0.088,
          ],
          [
            -0.3,
            0.088,
          ],
        ],
      ],
    },
    "b": {
      "border": [
        [
          [
            -0.22,
            -0.006,
          ],
          [
            -0.14,
            -0.006,
          ],
          [
            -0.14,
            0.12,
          ],
          [
            -0.22,
            0.12,
          ],
        ],
      ],
      "touchBorder": [
        [
          [
            -0.22,
            -0.006,
          ],
          [
            -0.14,
            -0.006,
          ],
          [
            -0.14,
            0.12,
          ],
          [
            -0.22,
            0.12,
          ],
        ],
      ],
    },
    "c": {
      "border": [
        [
          [
            -0.14,
            -0.006,
          ],
          [
            -0.06,
            -0.006,
          ],
          [
            -0.06,
            0.088,
          ],
          [
            -0.14,
            0.088,
          ],
        ],
      ],
      "touchBorder": [
        [
          [
            -0.14,
            -0.006,
          ],
          [
            -0.06,
            -0.006,
          ],
          [
            -0.06,
            0.088,
          ],
          [
            -0.14,
            0.088,
          ],
        ],
      ],
    },
  },
  "touchBorder": [
    [
      [
        -0.3,
        -0.006,
      ],
      [
        -0.06,
        -0.006,
      ],
      [
        -0.06,
        0.12,
      ],
      [
        -0.3,
        0.12,
      ],
    ],
  ],
}
`;

exports[`Collection: Equation Color - Animations Shape dissolveIn 1`] = `
{
  "border": [
    [
      [
        -0.3,
        -0.006,
      ],
      [
        -0.22,
        -0.006,
      ],
      [
        -0.22,
        0.088,
      ],
      [
        -0.3,
        0.088,
      ],
    ],
    [
      [
        -0.22,
        -0.006,
      ],
      [
        -0.14,
        -0.006,
      ],
      [
        -0.14,
        0.12,
      ],
      [
        -0.22,
        0.12,
      ],
    ],
    [
      [
        -0.14,
        -0.006,
      ],
      [
        -0.06,
        -0.006,
      ],
      [
        -0.06,
        0.088,
      ],
      [
        -0.14,
        0.088,
      ],
    ],
  ],
  "elements": {
    "a": {
      "border": [
        [
          [
            -0.3,
            -0.006,
          ],
          [
            -0.22,
            -0.006,
          ],
          [
            -0.22,
            0.088,
          ],
          [
            -0.3,
            0.088,
          ],
        ],
      ],
      "touchBorder": [
        [
          [
            -0.3,
            -0.006,
          ],
          [
            -0.22,
            -0.006,
          ],
          [
            -0.22,
            0.088,
          ],
          [
            -0.3,
            0.088,
          ],
        ],
      ],
    },
    "b": {
      "border": [
        [
          [
            -0.22,
            -0.006,
          ],
          [
            -0.14,
            -0.006,
          ],
          [
            -0.14,
            0.12,
          ],
          [
            -0.22,
            0.12,
          ],
        ],
      ],
      "touchBorder": [
        [
          [
            -0.22,
            -0.006,
          ],
          [
            -0.14,
            -0.006,
          ],
          [
            -0.14,
            0.12,
          ],
          [
            -0.22,
            0.12,
          ],
        ],
      ],
    },
    "c": {
      "border": [
        [
          [
            -0.14,
            -0.006,
          ],
          [
            -0.06,
            -0.006,
          ],
          [
            -0.06,
            0.088,
          ],
          [
            -0.14,
            0.088,
          ],
        ],
      ],
      "touchBorder": [
        [
          [
            -0.14,
            -0.006,
          ],
          [
            -0.06,
            -0.006,
          ],
          [
            -0.06,
            0.088,
          ],
          [
            -0.14,
            0.088,
          ],
        ],
      ],
    },
    "d": {
      "border": [
        [
          [
            -0.3,
            -0.008,
          ],
          [
            -0.2,
            -0.008,
          ],
          [
            -0.2,
            0.15,
          ],
          [
            -0.3,
            0.15,
          ],
        ],
      ],
      "touchBorder": [
        [
          [
            -0.3,
            -0.008,
          ],
          [
            -0.2,
            -0.008,
          ],
          [
            -0.2,
            0.15,
          ],
          [
            -0.3,
            0.15,
          ],
        ],
      ],
    },
  },
  "touchBorder": [
    [
      [
        -0.3,
        -0.006,
      ],
      [
        -0.06,
        -0.006,
      ],
      [
        -0.06,
        0.12,
      ],
      [
        -0.3,
        0.12,
      ],
    ],
  ],
}
`;

exports[`Collection: Equation Color - Animations Shape dissolveOut 1`] = `
{
  "border": [
    [
      [
        -0.3,
        -0.006,
      ],
      [
        -0.22,
        -0.006,
      ],
      [
        -0.22,
        0.088,
      ],
      [
        -0.3,
        0.088,
      ],
    ],
    [
      [
        -0.22,
        -0.006,
      ],
      [
        -0.14,
        -0.006,
      ],
      [
        -0.14,
        0.12,
      ],
      [
        -0.22,
        0.12,
      ],
    ],
    [
      [
        -0.14,
        -0.006,
      ],
      [
        -0.06,
        -0.006,
      ],
      [
        -0.06,
        0.088,
      ],
      [
        -0.14,
        0.088,
      ],
    ],
  ],
  "elements": {
    "a": {
      "border": [
        [
          [
            -0.3,
            -0.006,
          ],
          [
            -0.22,
            -0.006,
          ],
          [
            -0.22,
            0.088,
          ],
          [
            -0.3,
            0.088,
          ],
        ],
      ],
      "touchBorder": [
        [
          [
            -0.3,
            -0.006,
          ],
          [
            -0.22,
            -0.006,
          ],
          [
            -0.22,
            0.088,
          ],
          [
            -0.3,
            0.088,
          ],
        ],
      ],
    },
    "b": {
      "border": [
        [
          [
            -0.22,
            -0.006,
          ],
          [
            -0.14,
            -0.006,
          ],
          [
            -0.14,
            0.12,
          ],
          [
            -0.22,
            0.12,
          ],
        ],
      ],
      "touchBorder": [
        [
          [
            -0.22,
            -0.006,
          ],
          [
            -0.14,
            -0.006,
          ],
          [
            -0.14,
            0.12,
          ],
          [
            -0.22,
            0.12,
          ],
        ],
      ],
    },
    "c": {
      "border": [
        [
          [
            -0.14,
            -0.006,
          ],
          [
            -0.06,
            -0.006,
          ],
          [
            -0.06,
            0.088,
          ],
          [
            -0.14,
            0.088,
          ],
        ],
      ],
      "touchBorder": [
        [
          [
            -0.14,
            -0.006,
          ],
          [
            -0.06,
            -0.006,
          ],
          [
            -0.06,
            0.088,
          ],
          [
            -0.14,
            0.088,
          ],
        ],
      ],
    },
  },
  "touchBorder": [
    [
      [
        -0.3,
        -0.006,
      ],
      [
        -0.06,
        -0.006,
      ],
      [
        -0.06,
        0.12,
      ],
      [
        -0.3,
        0.12,
      ],
    ],
  ],
}
`;

exports[`Collection: Equation Color - Animations Shape dissolveOutDissolveIn 1`] = `
{
  "border": [
    [
      [
        -0.3,
        -0.006,
      ],
      [
        -0.22,
        -0.006,
      ],
      [
        -0.22,
        0.088,
      ],
      [
        -0.3,
        0.088,
      ],
    ],
    [
      [
        -0.22,
        -0.006,
      ],
      [
        -0.14,
        -0.006,
      ],
      [
        -0.14,
        0.12,
      ],
      [
        -0.22,
        0.12,
      ],
    ],
    [
      [
        -0.14,
        -0.006,
      ],
      [
        -0.06,
        -0.006,
      ],
      [
        -0.06,
        0.088,
      ],
      [
        -0.14,
        0.088,
      ],
    ],
  ],
  "elements": {
    "a": {
      "border": [
        [
          [
            -0.3,
            -0.006,
          ],
          [
            -0.22,
            -0.006,
          ],
          [
            -0.22,
            0.088,
          ],
          [
            -0.3,
            0.088,
          ],
        ],
      ],
      "touchBorder": [
        [
          [
            -0.3,
            -0.006,
          ],
          [
            -0.22,
            -0.006,
          ],
          [
            -0.22,
            0.088,
          ],
          [
            -0.3,
            0.088,
          ],
        ],
      ],
    },
    "b": {
      "border": [
        [
          [
            -0.22,
            -0.006,
          ],
          [
            -0.14,
            -0.006,
          ],
          [
            -0.14,
            0.12,
          ],
          [
            -0.22,
            0.12,
          ],
        ],
      ],
      "touchBorder": [
        [
          [
            -0.22,
            -0.006,
          ],
          [
            -0.14,
            -0.006,
          ],
          [
            -0.14,
            0.12,
          ],
          [
            -0.22,
            0.12,
          ],
        ],
      ],
    },
    "c": {
      "border": [
        [
          [
            -0.14,
            -0.006,
          ],
          [
            -0.06,
            -0.006,
          ],
          [
            -0.06,
            0.088,
          ],
          [
            -0.14,
            0.088,
          ],
        ],
      ],
      "touchBorder": [
        [
          [
            -0.14,
            -0.006,
          ],
          [
            -0.06,
            -0.006,
          ],
          [
            -0.06,
            0.088,
          ],
          [
            -0.14,
            0.088,
          ],
        ],
      ],
    },
    "d": {
      "border": [
        [
          [
            -0.3,
            -0.008,
          ],
          [
            -0.2,
            -0.008,
          ],
          [
            -0.2,
            0.15,
          ],
          [
            -0.3,
            0.15,
          ],
        ],
      ],
      "touchBorder": [
        [
          [
            -0.3,
            -0.008,
          ],
          [
            -0.2,
            -0.008,
          ],
          [
            -0.2,
            0.15,
          ],
          [
            -0.3,
            0.15,
          ],
        ],
      ],
    },
  },
  "touchBorder": [
    [
      [
        -0.3,
        -0.006,
      ],
      [
        -0.06,
        -0.006,
      ],
      [
        -0.06,
        0.12,
      ],
      [
        -0.3,
        0.12,
      ],
    ],
  ],
}
`;

exports[`Collection: Equation Color - Animations Shape dissolveOutMoveIn 1`] = `
{
  "border": [
    [
      [
        -0.3,
        -0.006,
      ],
      [
        -0.22,
        -0.006,
      ],
      [
        -0.22,
        0.088,
      ],
      [
        -0.3,
        0.088,
      ],
    ],
    [
      [
        -0.22,
        -0.006,
      ],
      [
        -0.14,
        -0.006,
      ],
      [
        -0.14,
        0.12,
      ],
      [
        -0.22,
        0.12,
      ],
    ],
    [
      [
        -0.14,
        -0.006,
      ],
      [
        -0.06,
        -0.006,
      ],
      [
        -0.06,
        0.088,
      ],
      [
        -0.14,
        0.088,
      ],
    ],
  ],
  "elements": {
    "a": {
      "border": [
        [
          [
            -0.3,
            -0.006,
          ],
          [
            -0.22,
            -0.006,
          ],
          [
            -0.22,
            0.088,
          ],
          [
            -0.3,
            0.088,
          ],
        ],
      ],
      "touchBorder": [
        [
          [
            -0.3,
            -0.006,
          ],
          [
            -0.22,
            -0.006,
          ],
          [
            -0.22,
            0.088,
          ],
          [
            -0.3,
            0.088,
          ],
        ],
      ],
    },
    "b": {
      "border": [
        [
          [
            -0.22,
            -0.006,
          ],
          [
            -0.14,
            -0.006,
          ],
          [
            -0.14,
            0.12,
          ],
          [
            -0.22,
            0.12,
          ],
        ],
      ],
      "touchBorder": [
        [
          [
            -0.22,
            -0.006,
          ],
          [
            -0.14,
            -0.006,
          ],
          [
            -0.14,
            0.12,
          ],
          [
            -0.22,
            0.12,
          ],
        ],
      ],
    },
    "c": {
      "border": [
        [
          [
            -0.14,
            -0.006,
          ],
          [
            -0.06,
            -0.006,
          ],
          [
            -0.06,
            0.088,
          ],
          [
            -0.14,
            0.088,
          ],
        ],
      ],
      "touchBorder": [
        [
          [
            -0.14,
            -0.006,
          ],
          [
            -0.06,
            -0.006,
          ],
          [
            -0.06,
            0.088,
          ],
          [
            -0.14,
            0.088,
          ],
        ],
      ],
    },
    "d": {
      "border": [
        [
          [
            -0.3,
            -0.008,
          ],
          [
            -0.2,
            -0.008,
          ],
          [
            -0.2,
            0.15,
          ],
          [
            -0.3,
            0.15,
          ],
        ],
      ],
      "touchBorder": [
        [
          [
            -0.3,
            -0.008,
          ],
          [
            -0.2,
            -0.008,
          ],
          [
            -0.2,
            0.15,
          ],
          [
            -0.3,
            0.15,
          ],
        ],
      ],
    },
  },
  "touchBorder": [
    [
      [
        -0.3,
        -0.006,
      ],
      [
        -0.06,
        -0.006,
      ],
      [
        -0.06,
        0.12,
      ],
      [
        -0.3,
        0.12,
      ],
    ],
  ],
}
`;

exports[`Collection: Equation Color - Animations Shape move 1`] = `
{
  "border": [
    [
      [
        -0.3,
        -0.006,
      ],
      [
        -0.22,
        -0.006,
      ],
      [
        -0.22,
        0.088,
      ],
      [
        -0.3,
        0.088,
      ],
    ],
    [
      [
        -0.22,
        -0.006,
      ],
      [
        -0.14,
        -0.006,
      ],
      [
        -0.14,
        0.12,
      ],
      [
        -0.22,
        0.12,
      ],
    ],
    [
      [
        -0.14,
        -0.006,
      ],
      [
        -0.06,
        -0.006,
      ],
      [
        -0.06,
        0.088,
      ],
      [
        -0.14,
        0.088,
      ],
    ],
  ],
  "elements": {
    "a": {
      "border": [
        [
          [
            -0.3,
            -0.006,
          ],
          [
            -0.22,
            -0.006,
          ],
          [
            -0.22,
            0.088,
          ],
          [
            -0.3,
            0.088,
          ],
        ],
      ],
      "touchBorder": [
        [
          [
            -0.3,
            -0.006,
          ],
          [
            -0.22,
            -0.006,
          ],
          [
            -0.22,
            0.088,
          ],
          [
            -0.3,
            0.088,
          ],
        ],
      ],
    },
    "b": {
      "border": [
        [
          [
            -0.22,
            -0.006,
          ],
          [
            -0.14,
            -0.006,
          ],
          [
            -0.14,
            0.12,
          ],
          [
            -0.22,
            0.12,
          ],
        ],
      ],
      "touchBorder": [
        [
          [
            -0.22,
            -0.006,
          ],
          [
            -0.14,
            -0.006,
          ],
          [
            -0.14,
            0.12,
          ],
          [
            -0.22,
            0.12,
          ],
        ],
      ],
    },
    "c": {
      "border": [
        [
          [
            -0.14,
            -0.006,
          ],
          [
            -0.06,
            -0.006,
          ],
          [
            -0.06,
            0.088,
          ],
          [
            -0.14,
            0.088,
          ],
        ],
      ],
      "touchBorder": [
        [
          [
            -0.14,
            -0.006,
          ],
          [
            -0.06,
            -0.006,
          ],
          [
            -0.06,
            0.088,
          ],
          [
            -0.14,
            0.088,
          ],
        ],
      ],
    },
  },
  "touchBorder": [
    [
      [
        -0.3,
        -0.006,
      ],
      [
        -0.06,
        -0.006,
      ],
      [
        -0.06,
        0.12,
      ],
      [
        -0.3,
        0.12,
      ],
    ],
  ],
}
`;
