// Jest Snapshot v1, https://goo.gl/fbAQLP

exports[`Collection: Equation - Lines Shape array form 1`] = `
Object {
  "border": Array [
    Array [
      Array [
        0,
        -0.008,
      ],
      Array [
        0.1,
        -0.008,
      ],
      Array [
        0.1,
        0.11,
      ],
      Array [
        0,
        0.11,
      ],
    ],
    Array [
      Array [
        0.1,
        -0.008,
      ],
      Array [
        0.2,
        -0.008,
      ],
      Array [
        0.2,
        0.15,
      ],
      Array [
        0.1,
        0.15,
      ],
    ],
    Array [
      Array [
        0.2,
        -0.008,
      ],
      Array [
        0.3,
        -0.008,
      ],
      Array [
        0.3,
        0.11,
      ],
      Array [
        0.2,
        0.11,
      ],
    ],
  ],
  "elements": Object {
    "a": Object {
      "border": Array [
        Array [
          Array [
            0,
            -0.008,
          ],
          Array [
            0.1,
            -0.008,
          ],
          Array [
            0.1,
            0.11,
          ],
          Array [
            0,
            0.11,
          ],
        ],
      ],
      "touchBorder": Array [
        Array [
          Array [
            0,
            -0.008,
          ],
          Array [
            0.1,
            -0.008,
          ],
          Array [
            0.1,
            0.11,
          ],
          Array [
            0,
            0.11,
          ],
        ],
      ],
    },
    "b": Object {
      "border": Array [
        Array [
          Array [
            0.1,
            -0.008,
          ],
          Array [
            0.2,
            -0.008,
          ],
          Array [
            0.2,
            0.15,
          ],
          Array [
            0.1,
            0.15,
          ],
        ],
      ],
      "touchBorder": Array [
        Array [
          Array [
            0.1,
            -0.008,
          ],
          Array [
            0.2,
            -0.008,
          ],
          Array [
            0.2,
            0.15,
          ],
          Array [
            0.1,
            0.15,
          ],
        ],
      ],
    },
    "c": Object {
      "border": Array [
        Array [
          Array [
            0.2,
            -0.008,
          ],
          Array [
            0.3,
            -0.008,
          ],
          Array [
            0.3,
            0.11,
          ],
          Array [
            0.2,
            0.11,
          ],
        ],
      ],
      "touchBorder": Array [
        Array [
          Array [
            0.2,
            -0.008,
          ],
          Array [
            0.3,
            -0.008,
          ],
          Array [
            0.3,
            0.11,
          ],
          Array [
            0.2,
            0.11,
          ],
        ],
      ],
    },
  },
  "touchBorder": Array [
    Array [
      Array [
        0,
        -0.008,
      ],
      Array [
        0.3,
        -0.008,
      ],
      Array [
        0.3,
        0.15,
      ],
      Array [
        0,
        0.15,
      ],
    ],
  ],
}
`;

exports[`Collection: Equation - Lines Shape com1 1`] = `
Object {
  "border": Array [
    Array [
      Array [
        0.1,
        0.18,
      ],
      Array [
        0.6,
        0.18,
      ],
      Array [
        0.6,
        0.237,
      ],
      Array [
        0.1,
        0.237,
      ],
    ],
    Array [
      Array [
        0,
        -0.008,
      ],
      Array [
        0.1,
        -0.008,
      ],
      Array [
        0.1,
        0.11,
      ],
      Array [
        0,
        0.11,
      ],
    ],
    Array [
      Array [
        0.23,
        0.267,
      ],
      Array [
        0.47,
        0.267,
      ],
      Array [
        0.47,
        0.387,
      ],
      Array [
        0.23,
        0.387,
      ],
    ],
    Array [
      Array [
        0.1,
        -0.05,
      ],
      Array [
        0.6,
        -0.05,
      ],
      Array [
        0.6,
        0.15,
      ],
      Array [
        0.1,
        0.15,
      ],
    ],
    Array [
      Array [
        0.6,
        -0.008,
      ],
      Array [
        0.7,
        -0.008,
      ],
      Array [
        0.7,
        0.11,
      ],
      Array [
        0.6,
        0.11,
      ],
    ],
  ],
  "elements": Object {
    "a": Object {
      "border": Array [
        Array [
          Array [
            0,
            -0.008,
          ],
          Array [
            0.1,
            -0.008,
          ],
          Array [
            0.1,
            0.11,
          ],
          Array [
            0,
            0.11,
          ],
        ],
      ],
      "touchBorder": Array [
        Array [
          Array [
            0,
            -0.008,
          ],
          Array [
            0.1,
            -0.008,
          ],
          Array [
            0.1,
            0.11,
          ],
          Array [
            0,
            0.11,
          ],
        ],
      ],
    },
    "befgh": Object {
      "border": Array [
        Array [
          Array [
            0.1,
            -0.05,
          ],
          Array [
            0.6,
            -0.05,
          ],
          Array [
            0.6,
            0.15,
          ],
          Array [
            0.1,
            0.15,
          ],
        ],
      ],
      "touchBorder": Array [
        Array [
          Array [
            0.1,
            -0.05,
          ],
          Array [
            0.6,
            -0.05,
          ],
          Array [
            0.6,
            0.15,
          ],
          Array [
            0.1,
            0.15,
          ],
        ],
      ],
    },
    "br": Object {
      "border": Array [
        Array [
          Array [
            0.1,
            0.18,
          ],
          Array [
            0.6,
            0.18,
          ],
          Array [
            0.6,
            0.237,
          ],
          Array [
            0.1,
            0.237,
          ],
        ],
      ],
      "points": Array [
        0.5,
        0,
        0.493,
        0,
        0.5,
        0.006,
        0.491,
        0.003,
        0.498,
        0.012,
        0.489,
        0.006,
        0.496,
        0.018,
        0.486,
        0.009,
        0.493,
        0.023,
        0.483,
        0.012,
        0.489,
        0.027,
        0.48,
        0.014,
        0.484,
        0.031,
        0.476,
        0.015,
        0.479,
        0.034,
        0.473,
        0.017,
        0.473,
        0.037,
        0.469,
        0.018,
        0.467,
        0.038,
        0.465,
        0.018,
        0.461,
        0.039,
        0.461,
        0.019,
        0.285,
        0.039,
        0.285,
        0.019,
        0.281,
        0.039,
        0.279,
        0.019,
        0.278,
        0.04,
        0.273,
        0.021,
        0.274,
        0.041,
        0.268,
        0.023,
        0.27,
        0.042,
        0.263,
        0.026,
        0.267,
        0.044,
        0.258,
        0.03,
        0.264,
        0.046,
        0.254,
        0.035,
        0.261,
        0.048,
        0.251,
        0.04,
        0.258,
        0.051,
        0.249,
        0.045,
        0.255,
        0.054,
        0.247,
        0.051,
        0.253,
        0.057,
        0.247,
        0.057,
        0.247,
        0.057,
        0.253,
        0.057,
        0.245,
        0.054,
        0.253,
        0.051,
        0.242,
        0.051,
        0.251,
        0.045,
        0.239,
        0.048,
        0.249,
        0.04,
        0.236,
        0.046,
        0.246,
        0.035,
        0.233,
        0.044,
        0.242,
        0.03,
        0.23,
        0.042,
        0.237,
        0.026,
        0.226,
        0.041,
        0.232,
        0.023,
        0.222,
        0.04,
        0.227,
        0.021,
        0.219,
        0.039,
        0.221,
        0.019,
        0.215,
        0.039,
        0.215,
        0.019,
        0.039,
        0.039,
        0.039,
        0.019,
        0.033,
        0.038,
        0.035,
        0.018,
        0.027,
        0.037,
        0.031,
        0.018,
        0.021,
        0.034,
        0.027,
        0.017,
        0.016,
        0.031,
        0.024,
        0.015,
        0.011,
        0.027,
        0.02,
        0.014,
        0.007,
        0.023,
        0.017,
        0.012,
        0.004,
        0.018,
        0.014,
        0.009,
        0.002,
        0.012,
        0.011,
        0.006,
        0,
        0.006,
        0.009,
        0.003,
        0,
        0,
        0.007,
        0,
      ],
      "touchBorder": Array [
        Array [
          Array [
            0.1,
            0.18,
          ],
          Array [
            0.6,
            0.18,
          ],
          Array [
            0.6,
            0.237,
          ],
          Array [
            0.1,
            0.237,
          ],
        ],
      ],
    },
    "c": Object {
      "border": Array [
        Array [
          Array [
            0.6,
            -0.008,
          ],
          Array [
            0.7,
            -0.008,
          ],
          Array [
            0.7,
            0.11,
          ],
          Array [
            0.6,
            0.11,
          ],
        ],
      ],
      "touchBorder": Array [
        Array [
          Array [
            0.6,
            -0.008,
          ],
          Array [
            0.7,
            -0.008,
          ],
          Array [
            0.7,
            0.11,
          ],
          Array [
            0.6,
            0.11,
          ],
        ],
      ],
    },
    "dfgh": Object {
      "border": Array [
        Array [
          Array [
            0.23,
            0.267,
          ],
          Array [
            0.47,
            0.267,
          ],
          Array [
            0.47,
            0.387,
          ],
          Array [
            0.23,
            0.387,
          ],
        ],
      ],
      "touchBorder": Array [
        Array [
          Array [
            0.23,
            0.267,
          ],
          Array [
            0.47,
            0.267,
          ],
          Array [
            0.47,
            0.387,
          ],
          Array [
            0.23,
            0.387,
          ],
        ],
      ],
    },
  },
  "touchBorder": Array [
    Array [
      Array [
        0,
        -0.05,
      ],
      Array [
        0.7,
        -0.05,
      ],
      Array [
        0.7,
        0.387,
      ],
      Array [
        0,
        0.387,
      ],
    ],
  ],
}
`;

exports[`Collection: Equation - Lines Shape com2 1`] = `
Object {
  "border": Array [
    Array [
      Array [
        0.1,
        0.18,
      ],
      Array [
        0.6,
        0.18,
      ],
      Array [
        0.6,
        0.237,
      ],
      Array [
        0.1,
        0.237,
      ],
    ],
    Array [
      Array [
        0,
        -0.008,
      ],
      Array [
        0.1,
        -0.008,
      ],
      Array [
        0.1,
        0.11,
      ],
      Array [
        0,
        0.11,
      ],
    ],
    Array [
      Array [
        0.23,
        0.267,
      ],
      Array [
        0.47,
        0.267,
      ],
      Array [
        0.47,
        0.387,
      ],
      Array [
        0.23,
        0.387,
      ],
    ],
    Array [
      Array [
        0.1,
        -0.05,
      ],
      Array [
        0.6,
        -0.05,
      ],
      Array [
        0.6,
        0.15,
      ],
      Array [
        0.1,
        0.15,
      ],
    ],
    Array [
      Array [
        0.6,
        -0.008,
      ],
      Array [
        0.7,
        -0.008,
      ],
      Array [
        0.7,
        0.11,
      ],
      Array [
        0.6,
        0.11,
      ],
    ],
  ],
  "elements": Object {
    "a": Object {
      "border": Array [
        Array [
          Array [
            0,
            -0.008,
          ],
          Array [
            0.1,
            -0.008,
          ],
          Array [
            0.1,
            0.11,
          ],
          Array [
            0,
            0.11,
          ],
        ],
      ],
      "touchBorder": Array [
        Array [
          Array [
            0,
            -0.008,
          ],
          Array [
            0.1,
            -0.008,
          ],
          Array [
            0.1,
            0.11,
          ],
          Array [
            0,
            0.11,
          ],
        ],
      ],
    },
    "befgh": Object {
      "border": Array [
        Array [
          Array [
            0.1,
            -0.05,
          ],
          Array [
            0.6,
            -0.05,
          ],
          Array [
            0.6,
            0.15,
          ],
          Array [
            0.1,
            0.15,
          ],
        ],
      ],
      "touchBorder": Array [
        Array [
          Array [
            0.1,
            -0.05,
          ],
          Array [
            0.6,
            -0.05,
          ],
          Array [
            0.6,
            0.15,
          ],
          Array [
            0.1,
            0.15,
          ],
        ],
      ],
    },
    "br": Object {
      "border": Array [
        Array [
          Array [
            0.1,
            0.18,
          ],
          Array [
            0.6,
            0.18,
          ],
          Array [
            0.6,
            0.237,
          ],
          Array [
            0.1,
            0.237,
          ],
        ],
      ],
      "points": Array [
        0.5,
        0,
        0.493,
        0,
        0.5,
        0.006,
        0.491,
        0.003,
        0.498,
        0.012,
        0.489,
        0.006,
        0.496,
        0.018,
        0.486,
        0.009,
        0.493,
        0.023,
        0.483,
        0.012,
        0.489,
        0.027,
        0.48,
        0.014,
        0.484,
        0.031,
        0.476,
        0.015,
        0.479,
        0.034,
        0.473,
        0.017,
        0.473,
        0.037,
        0.469,
        0.018,
        0.467,
        0.038,
        0.465,
        0.018,
        0.461,
        0.039,
        0.461,
        0.019,
        0.285,
        0.039,
        0.285,
        0.019,
        0.281,
        0.039,
        0.279,
        0.019,
        0.278,
        0.04,
        0.273,
        0.021,
        0.274,
        0.041,
        0.268,
        0.023,
        0.27,
        0.042,
        0.263,
        0.026,
        0.267,
        0.044,
        0.258,
        0.03,
        0.264,
        0.046,
        0.254,
        0.035,
        0.261,
        0.048,
        0.251,
        0.04,
        0.258,
        0.051,
        0.249,
        0.045,
        0.255,
        0.054,
        0.247,
        0.051,
        0.253,
        0.057,
        0.247,
        0.057,
        0.247,
        0.057,
        0.253,
        0.057,
        0.245,
        0.054,
        0.253,
        0.051,
        0.242,
        0.051,
        0.251,
        0.045,
        0.239,
        0.048,
        0.249,
        0.04,
        0.236,
        0.046,
        0.246,
        0.035,
        0.233,
        0.044,
        0.242,
        0.03,
        0.23,
        0.042,
        0.237,
        0.026,
        0.226,
        0.041,
        0.232,
        0.023,
        0.222,
        0.04,
        0.227,
        0.021,
        0.219,
        0.039,
        0.221,
        0.019,
        0.215,
        0.039,
        0.215,
        0.019,
        0.039,
        0.039,
        0.039,
        0.019,
        0.033,
        0.038,
        0.035,
        0.018,
        0.027,
        0.037,
        0.031,
        0.018,
        0.021,
        0.034,
        0.027,
        0.017,
        0.016,
        0.031,
        0.024,
        0.015,
        0.011,
        0.027,
        0.02,
        0.014,
        0.007,
        0.023,
        0.017,
        0.012,
        0.004,
        0.018,
        0.014,
        0.009,
        0.002,
        0.012,
        0.011,
        0.006,
        0,
        0.006,
        0.009,
        0.003,
        0,
        0,
        0.007,
        0,
      ],
      "touchBorder": Array [
        Array [
          Array [
            0.1,
            0.18,
          ],
          Array [
            0.6,
            0.18,
          ],
          Array [
            0.6,
            0.237,
          ],
          Array [
            0.1,
            0.237,
          ],
        ],
      ],
    },
    "c": Object {
      "border": Array [
        Array [
          Array [
            0.6,
            -0.008,
          ],
          Array [
            0.7,
            -0.008,
          ],
          Array [
            0.7,
            0.11,
          ],
          Array [
            0.6,
            0.11,
          ],
        ],
      ],
      "touchBorder": Array [
        Array [
          Array [
            0.6,
            -0.008,
          ],
          Array [
            0.7,
            -0.008,
          ],
          Array [
            0.7,
            0.11,
          ],
          Array [
            0.6,
            0.11,
          ],
        ],
      ],
    },
    "dfgh": Object {
      "border": Array [
        Array [
          Array [
            0.23,
            0.267,
          ],
          Array [
            0.47,
            0.267,
          ],
          Array [
            0.47,
            0.387,
          ],
          Array [
            0.23,
            0.387,
          ],
        ],
      ],
      "touchBorder": Array [
        Array [
          Array [
            0.23,
            0.267,
          ],
          Array [
            0.47,
            0.267,
          ],
          Array [
            0.47,
            0.387,
          ],
          Array [
            0.23,
            0.387,
          ],
        ],
      ],
    },
  },
  "touchBorder": Array [
    Array [
      Array [
        0,
        -0.05,
      ],
      Array [
        0.7,
        -0.05,
      ],
      Array [
        0.7,
        0.387,
      ],
      Array [
        0,
        0.387,
      ],
    ],
  ],
}
`;

exports[`Collection: Equation - Lines Shape container 1`] = `
Object {
  "border": Array [
    Array [
      Array [
        0,
        -0.008,
      ],
      Array [
        0.1,
        -0.008,
      ],
      Array [
        0.1,
        0.11,
      ],
      Array [
        0,
        0.11,
      ],
    ],
    Array [
      Array [
        0.15,
        -0.05,
      ],
      Array [
        0.65,
        -0.05,
      ],
      Array [
        0.65,
        0.15,
      ],
      Array [
        0.15,
        0.15,
      ],
    ],
    Array [
      Array [
        0.7,
        -0.008,
      ],
      Array [
        0.8,
        -0.008,
      ],
      Array [
        0.8,
        0.11,
      ],
      Array [
        0.7,
        0.11,
      ],
    ],
  ],
  "elements": Object {
    "a": Object {
      "border": Array [
        Array [
          Array [
            0,
            -0.008,
          ],
          Array [
            0.1,
            -0.008,
          ],
          Array [
            0.1,
            0.11,
          ],
          Array [
            0,
            0.11,
          ],
        ],
      ],
      "touchBorder": Array [
        Array [
          Array [
            0,
            -0.008,
          ],
          Array [
            0.1,
            -0.008,
          ],
          Array [
            0.1,
            0.11,
          ],
          Array [
            0,
            0.11,
          ],
        ],
      ],
    },
    "befgh": Object {
      "border": Array [
        Array [
          Array [
            0.15,
            -0.05,
          ],
          Array [
            0.65,
            -0.05,
          ],
          Array [
            0.65,
            0.15,
          ],
          Array [
            0.15,
            0.15,
          ],
        ],
      ],
      "touchBorder": Array [
        Array [
          Array [
            0.15,
            -0.05,
          ],
          Array [
            0.65,
            -0.05,
          ],
          Array [
            0.65,
            0.15,
          ],
          Array [
            0.15,
            0.15,
          ],
        ],
      ],
    },
    "c": Object {
      "border": Array [
        Array [
          Array [
            0.7,
            -0.008,
          ],
          Array [
            0.8,
            -0.008,
          ],
          Array [
            0.8,
            0.11,
          ],
          Array [
            0.7,
            0.11,
          ],
        ],
      ],
      "touchBorder": Array [
        Array [
          Array [
            0.7,
            -0.008,
          ],
          Array [
            0.8,
            -0.008,
          ],
          Array [
            0.8,
            0.11,
          ],
          Array [
            0.7,
            0.11,
          ],
        ],
      ],
    },
  },
  "touchBorder": Array [
    Array [
      Array [
        0,
        -0.05,
      ],
      Array [
        0.8,
        -0.05,
      ],
      Array [
        0.8,
        0.15,
      ],
      Array [
        0,
        0.15,
      ],
    ],
  ],
}
`;

exports[`Collection: Equation - Lines Shape frac1 1`] = `
Object {
  "border": Array [
    Array [
      Array [
        0.1,
        0.07,
      ],
      Array [
        0.3,
        0.07,
      ],
      Array [
        0.3,
        0.12,
      ],
      Array [
        0.1,
        0.12,
      ],
    ],
    Array [
      Array [
        0,
        -0.008,
      ],
      Array [
        0.1,
        -0.008,
      ],
      Array [
        0.1,
        0.11,
      ],
      Array [
        0,
        0.11,
      ],
    ],
    Array [
      Array [
        0.15,
        0.17,
      ],
      Array [
        0.25,
        0.17,
      ],
      Array [
        0.25,
        0.328,
      ],
      Array [
        0.15,
        0.328,
      ],
    ],
    Array [
      Array [
        0.15,
        -0.138,
      ],
      Array [
        0.25,
        -0.138,
      ],
      Array [
        0.25,
        0.02,
      ],
      Array [
        0.15,
        0.02,
      ],
    ],
    Array [
      Array [
        0.3,
        -0.008,
      ],
      Array [
        0.4,
        -0.008,
      ],
      Array [
        0.4,
        0.11,
      ],
      Array [
        0.3,
        0.11,
      ],
    ],
  ],
  "elements": Object {
    "a": Object {
      "border": Array [
        Array [
          Array [
            0,
            -0.008,
          ],
          Array [
            0.1,
            -0.008,
          ],
          Array [
            0.1,
            0.11,
          ],
          Array [
            0,
            0.11,
          ],
        ],
      ],
      "touchBorder": Array [
        Array [
          Array [
            0,
            -0.008,
          ],
          Array [
            0.1,
            -0.008,
          ],
          Array [
            0.1,
            0.11,
          ],
          Array [
            0,
            0.11,
          ],
        ],
      ],
    },
    "b": Object {
      "border": Array [
        Array [
          Array [
            0.15,
            0.17,
          ],
          Array [
            0.25,
            0.17,
          ],
          Array [
            0.25,
            0.328,
          ],
          Array [
            0.15,
            0.328,
          ],
        ],
      ],
      "touchBorder": Array [
        Array [
          Array [
            0.15,
            0.17,
          ],
          Array [
            0.25,
            0.17,
          ],
          Array [
            0.25,
            0.328,
          ],
          Array [
            0.15,
            0.328,
          ],
        ],
      ],
    },
    "c": Object {
      "border": Array [
        Array [
          Array [
            0.3,
            -0.008,
          ],
          Array [
            0.4,
            -0.008,
          ],
          Array [
            0.4,
            0.11,
          ],
          Array [
            0.3,
            0.11,
          ],
        ],
      ],
      "touchBorder": Array [
        Array [
          Array [
            0.3,
            -0.008,
          ],
          Array [
            0.4,
            -0.008,
          ],
          Array [
            0.4,
            0.11,
          ],
          Array [
            0.3,
            0.11,
          ],
        ],
      ],
    },
    "d": Object {
      "border": Array [
        Array [
          Array [
            0.15,
            -0.138,
          ],
          Array [
            0.25,
            -0.138,
          ],
          Array [
            0.25,
            0.02,
          ],
          Array [
            0.15,
            0.02,
          ],
        ],
      ],
      "touchBorder": Array [
        Array [
          Array [
            0.15,
            -0.138,
          ],
          Array [
            0.25,
            -0.138,
          ],
          Array [
            0.25,
            0.02,
          ],
          Array [
            0.15,
            0.02,
          ],
        ],
      ],
    },
    "v": Object {
      "border": Array [
        Array [
          Array [
            0.1,
            0.07,
          ],
          Array [
            0.3,
            0.07,
          ],
          Array [
            0.3,
            0.12,
          ],
          Array [
            0.1,
            0.12,
          ],
        ],
      ],
      "points": Array [
        0,
        0,
        0,
        0.05,
        0.2,
        0,
        0.2,
        0.05,
      ],
      "touchBorder": Array [
        Array [
          Array [
            0.1,
            0.07,
          ],
          Array [
            0.3,
            0.07,
          ],
          Array [
            0.3,
            0.12,
          ],
          Array [
            0.1,
            0.12,
          ],
        ],
      ],
    },
  },
  "touchBorder": Array [
    Array [
      Array [
        0,
        -0.138,
      ],
      Array [
        0.4,
        -0.138,
      ],
      Array [
        0.4,
        0.328,
      ],
      Array [
        0,
        0.328,
      ],
    ],
  ],
}
`;

exports[`Collection: Equation - Lines Shape frac2 1`] = `
Object {
  "border": Array [
    Array [
      Array [
        0.1,
        0.07,
      ],
      Array [
        0.3,
        0.07,
      ],
      Array [
        0.3,
        0.12,
      ],
      Array [
        0.1,
        0.12,
      ],
    ],
    Array [
      Array [
        0,
        -0.008,
      ],
      Array [
        0.1,
        -0.008,
      ],
      Array [
        0.1,
        0.11,
      ],
      Array [
        0,
        0.11,
      ],
    ],
    Array [
      Array [
        0.15,
        0.17,
      ],
      Array [
        0.25,
        0.17,
      ],
      Array [
        0.25,
        0.328,
      ],
      Array [
        0.15,
        0.328,
      ],
    ],
    Array [
      Array [
        0.15,
        -0.138,
      ],
      Array [
        0.25,
        -0.138,
      ],
      Array [
        0.25,
        0.02,
      ],
      Array [
        0.15,
        0.02,
      ],
    ],
    Array [
      Array [
        0.3,
        -0.008,
      ],
      Array [
        0.4,
        -0.008,
      ],
      Array [
        0.4,
        0.11,
      ],
      Array [
        0.3,
        0.11,
      ],
    ],
  ],
  "elements": Object {
    "a": Object {
      "border": Array [
        Array [
          Array [
            0,
            -0.008,
          ],
          Array [
            0.1,
            -0.008,
          ],
          Array [
            0.1,
            0.11,
          ],
          Array [
            0,
            0.11,
          ],
        ],
      ],
      "touchBorder": Array [
        Array [
          Array [
            0,
            -0.008,
          ],
          Array [
            0.1,
            -0.008,
          ],
          Array [
            0.1,
            0.11,
          ],
          Array [
            0,
            0.11,
          ],
        ],
      ],
    },
    "b": Object {
      "border": Array [
        Array [
          Array [
            0.15,
            0.17,
          ],
          Array [
            0.25,
            0.17,
          ],
          Array [
            0.25,
            0.328,
          ],
          Array [
            0.15,
            0.328,
          ],
        ],
      ],
      "touchBorder": Array [
        Array [
          Array [
            0.15,
            0.17,
          ],
          Array [
            0.25,
            0.17,
          ],
          Array [
            0.25,
            0.328,
          ],
          Array [
            0.15,
            0.328,
          ],
        ],
      ],
    },
    "c": Object {
      "border": Array [
        Array [
          Array [
            0.3,
            -0.008,
          ],
          Array [
            0.4,
            -0.008,
          ],
          Array [
            0.4,
            0.11,
          ],
          Array [
            0.3,
            0.11,
          ],
        ],
      ],
      "touchBorder": Array [
        Array [
          Array [
            0.3,
            -0.008,
          ],
          Array [
            0.4,
            -0.008,
          ],
          Array [
            0.4,
            0.11,
          ],
          Array [
            0.3,
            0.11,
          ],
        ],
      ],
    },
    "d": Object {
      "border": Array [
        Array [
          Array [
            0.15,
            -0.138,
          ],
          Array [
            0.25,
            -0.138,
          ],
          Array [
            0.25,
            0.02,
          ],
          Array [
            0.15,
            0.02,
          ],
        ],
      ],
      "touchBorder": Array [
        Array [
          Array [
            0.15,
            -0.138,
          ],
          Array [
            0.25,
            -0.138,
          ],
          Array [
            0.25,
            0.02,
          ],
          Array [
            0.15,
            0.02,
          ],
        ],
      ],
    },
    "v": Object {
      "border": Array [
        Array [
          Array [
            0.1,
            0.07,
          ],
          Array [
            0.3,
            0.07,
          ],
          Array [
            0.3,
            0.12,
          ],
          Array [
            0.1,
            0.12,
          ],
        ],
      ],
      "points": Array [
        0,
        0,
        0,
        0.05,
        0.2,
        0,
        0.2,
        0.05,
      ],
      "touchBorder": Array [
        Array [
          Array [
            0.1,
            0.07,
          ],
          Array [
            0.3,
            0.07,
          ],
          Array [
            0.3,
            0.12,
          ],
          Array [
            0.1,
            0.12,
          ],
        ],
      ],
    },
  },
  "touchBorder": Array [
    Array [
      Array [
        0,
        -0.138,
      ],
      Array [
        0.4,
        -0.138,
      ],
      Array [
        0.4,
        0.328,
      ],
      Array [
        0,
        0.328,
      ],
    ],
  ],
}
`;

exports[`Collection: Equation - Lines Shape matrix 1`] = `
Object {
  "border": Array [
    Array [
      Array [
        0.13,
        -0.13,
      ],
      Array [
        0.168,
        -0.13,
      ],
      Array [
        0.168,
        0.27,
      ],
      Array [
        0.13,
        0.27,
      ],
    ],
    Array [
      Array [
        0.439,
        -0.13,
      ],
      Array [
        0.477,
        -0.13,
      ],
      Array [
        0.477,
        0.27,
      ],
      Array [
        0.439,
        0.27,
      ],
    ],
    Array [
      Array [
        0,
        -0.008,
      ],
      Array [
        0.1,
        -0.008,
      ],
      Array [
        0.1,
        0.11,
      ],
      Array [
        0,
        0.11,
      ],
    ],
    Array [
      Array [
        0.209,
        0.11,
      ],
      Array [
        0.279,
        0.11,
      ],
      Array [
        0.279,
        0.22,
      ],
      Array [
        0.209,
        0.22,
      ],
    ],
    Array [
      Array [
        0.339,
        0.11,
      ],
      Array [
        0.409,
        0.11,
      ],
      Array [
        0.409,
        0.192,
      ],
      Array [
        0.339,
        0.192,
      ],
    ],
    Array [
      Array [
        0.198,
        -0.08,
      ],
      Array [
        0.289,
        -0.08,
      ],
      Array [
        0.289,
        0.06,
      ],
      Array [
        0.198,
        0.06,
      ],
    ],
    Array [
      Array [
        0.339,
        -0.08,
      ],
      Array [
        0.409,
        -0.08,
      ],
      Array [
        0.409,
        0.032,
      ],
      Array [
        0.339,
        0.032,
      ],
    ],
    Array [
      Array [
        0.507,
        -0.008,
      ],
      Array [
        0.607,
        -0.008,
      ],
      Array [
        0.607,
        0.11,
      ],
      Array [
        0.507,
        0.11,
      ],
    ],
  ],
  "elements": Object {
    "a": Object {
      "border": Array [
        Array [
          Array [
            0,
            -0.008,
          ],
          Array [
            0.1,
            -0.008,
          ],
          Array [
            0.1,
            0.11,
          ],
          Array [
            0,
            0.11,
          ],
        ],
      ],
      "touchBorder": Array [
        Array [
          Array [
            0,
            -0.008,
          ],
          Array [
            0.1,
            -0.008,
          ],
          Array [
            0.1,
            0.11,
          ],
          Array [
            0,
            0.11,
          ],
        ],
      ],
    },
    "c": Object {
      "border": Array [
        Array [
          Array [
            0.507,
            -0.008,
          ],
          Array [
            0.607,
            -0.008,
          ],
          Array [
            0.607,
            0.11,
          ],
          Array [
            0.507,
            0.11,
          ],
        ],
      ],
      "touchBorder": Array [
        Array [
          Array [
            0.507,
            -0.008,
          ],
          Array [
            0.607,
            -0.008,
          ],
          Array [
            0.607,
            0.11,
          ],
          Array [
            0.507,
            0.11,
          ],
        ],
      ],
    },
    "d": Object {
      "border": Array [
        Array [
          Array [
            0.209,
            0.11,
          ],
          Array [
            0.279,
            0.11,
          ],
          Array [
            0.279,
            0.22,
          ],
          Array [
            0.209,
            0.22,
          ],
        ],
      ],
      "touchBorder": Array [
        Array [
          Array [
            0.209,
            0.11,
          ],
          Array [
            0.279,
            0.11,
          ],
          Array [
            0.279,
            0.22,
          ],
          Array [
            0.209,
            0.22,
          ],
        ],
      ],
    },
    "e": Object {
      "border": Array [
        Array [
          Array [
            0.339,
            0.11,
          ],
          Array [
            0.409,
            0.11,
          ],
          Array [
            0.409,
            0.192,
          ],
          Array [
            0.339,
            0.192,
          ],
        ],
      ],
      "touchBorder": Array [
        Array [
          Array [
            0.339,
            0.11,
          ],
          Array [
            0.409,
            0.11,
          ],
          Array [
            0.409,
            0.192,
          ],
          Array [
            0.339,
            0.192,
          ],
        ],
      ],
    },
    "f": Object {
      "border": Array [
        Array [
          Array [
            0.198,
            -0.08,
          ],
          Array [
            0.289,
            -0.08,
          ],
          Array [
            0.289,
            0.06,
          ],
          Array [
            0.198,
            0.06,
          ],
        ],
      ],
      "touchBorder": Array [
        Array [
          Array [
            0.198,
            -0.08,
          ],
          Array [
            0.289,
            -0.08,
          ],
          Array [
            0.289,
            0.06,
          ],
          Array [
            0.198,
            0.06,
          ],
        ],
      ],
    },
    "g": Object {
      "border": Array [
        Array [
          Array [
            0.339,
            -0.08,
          ],
          Array [
            0.409,
            -0.08,
          ],
          Array [
            0.409,
            0.032,
          ],
          Array [
            0.339,
            0.032,
          ],
        ],
      ],
      "touchBorder": Array [
        Array [
          Array [
            0.339,
            -0.08,
          ],
          Array [
            0.409,
            -0.08,
          ],
          Array [
            0.409,
            0.032,
          ],
          Array [
            0.339,
            0.032,
          ],
        ],
      ],
    },
    "lb": Object {
      "border": Array [
        Array [
          Array [
            0.13,
            -0.13,
          ],
          Array [
            0.168,
            -0.13,
          ],
          Array [
            0.168,
            0.27,
          ],
          Array [
            0.13,
            0.27,
          ],
        ],
      ],
      "points": Array [
        0.038,
        0,
        0.038,
        0.009,
        0,
        0,
        0.013,
        0.009,
        0,
        0.401,
        0.013,
        0.391,
        0.038,
        0.401,
        0.038,
        0.391,
      ],
      "touchBorder": Array [
        Array [
          Array [
            0.13,
            -0.13,
          ],
          Array [
            0.168,
            -0.13,
          ],
          Array [
            0.168,
            0.27,
          ],
          Array [
            0.13,
            0.27,
          ],
        ],
      ],
    },
    "rb": Object {
      "border": Array [
        Array [
          Array [
            0.439,
            -0.13,
          ],
          Array [
            0.477,
            -0.13,
          ],
          Array [
            0.477,
            0.27,
          ],
          Array [
            0.439,
            0.27,
          ],
        ],
      ],
      "points": Array [
        0,
        0,
        0,
        0.009,
        0.038,
        0,
        0.025,
        0.009,
        0.038,
        0.401,
        0.025,
        0.391,
        0,
        0.401,
        0,
        0.391,
      ],
      "touchBorder": Array [
        Array [
          Array [
            0.439,
            -0.13,
          ],
          Array [
            0.477,
            -0.13,
          ],
          Array [
            0.477,
            0.27,
          ],
          Array [
            0.439,
            0.27,
          ],
        ],
      ],
    },
  },
  "touchBorder": Array [
    Array [
      Array [
        0,
        -0.13,
      ],
      Array [
        0.607,
        -0.13,
      ],
      Array [
        0.607,
        0.27,
      ],
      Array [
        0,
        0.27,
      ],
    ],
  ],
}
`;

exports[`Collection: Equation - Lines Shape matrix2 1`] = `
Object {
  "border": Array [
    Array [
      Array [
        0.13,
        -0.13,
      ],
      Array [
        0.168,
        -0.13,
      ],
      Array [
        0.168,
        0.27,
      ],
      Array [
        0.13,
        0.27,
      ],
    ],
    Array [
      Array [
        0.439,
        -0.13,
      ],
      Array [
        0.477,
        -0.13,
      ],
      Array [
        0.477,
        0.27,
      ],
      Array [
        0.439,
        0.27,
      ],
    ],
    Array [
      Array [
        0,
        -0.008,
      ],
      Array [
        0.1,
        -0.008,
      ],
      Array [
        0.1,
        0.11,
      ],
      Array [
        0,
        0.11,
      ],
    ],
    Array [
      Array [
        0.209,
        0.11,
      ],
      Array [
        0.279,
        0.11,
      ],
      Array [
        0.279,
        0.22,
      ],
      Array [
        0.209,
        0.22,
      ],
    ],
    Array [
      Array [
        0.339,
        0.11,
      ],
      Array [
        0.409,
        0.11,
      ],
      Array [
        0.409,
        0.192,
      ],
      Array [
        0.339,
        0.192,
      ],
    ],
    Array [
      Array [
        0.198,
        -0.08,
      ],
      Array [
        0.289,
        -0.08,
      ],
      Array [
        0.289,
        0.06,
      ],
      Array [
        0.198,
        0.06,
      ],
    ],
    Array [
      Array [
        0.339,
        -0.08,
      ],
      Array [
        0.409,
        -0.08,
      ],
      Array [
        0.409,
        0.032,
      ],
      Array [
        0.339,
        0.032,
      ],
    ],
    Array [
      Array [
        0.507,
        -0.008,
      ],
      Array [
        0.607,
        -0.008,
      ],
      Array [
        0.607,
        0.11,
      ],
      Array [
        0.507,
        0.11,
      ],
    ],
  ],
  "elements": Object {
    "a": Object {
      "border": Array [
        Array [
          Array [
            0,
            -0.008,
          ],
          Array [
            0.1,
            -0.008,
          ],
          Array [
            0.1,
            0.11,
          ],
          Array [
            0,
            0.11,
          ],
        ],
      ],
      "touchBorder": Array [
        Array [
          Array [
            0,
            -0.008,
          ],
          Array [
            0.1,
            -0.008,
          ],
          Array [
            0.1,
            0.11,
          ],
          Array [
            0,
            0.11,
          ],
        ],
      ],
    },
    "c": Object {
      "border": Array [
        Array [
          Array [
            0.507,
            -0.008,
          ],
          Array [
            0.607,
            -0.008,
          ],
          Array [
            0.607,
            0.11,
          ],
          Array [
            0.507,
            0.11,
          ],
        ],
      ],
      "touchBorder": Array [
        Array [
          Array [
            0.507,
            -0.008,
          ],
          Array [
            0.607,
            -0.008,
          ],
          Array [
            0.607,
            0.11,
          ],
          Array [
            0.507,
            0.11,
          ],
        ],
      ],
    },
    "d": Object {
      "border": Array [
        Array [
          Array [
            0.209,
            0.11,
          ],
          Array [
            0.279,
            0.11,
          ],
          Array [
            0.279,
            0.22,
          ],
          Array [
            0.209,
            0.22,
          ],
        ],
      ],
      "touchBorder": Array [
        Array [
          Array [
            0.209,
            0.11,
          ],
          Array [
            0.279,
            0.11,
          ],
          Array [
            0.279,
            0.22,
          ],
          Array [
            0.209,
            0.22,
          ],
        ],
      ],
    },
    "e": Object {
      "border": Array [
        Array [
          Array [
            0.339,
            0.11,
          ],
          Array [
            0.409,
            0.11,
          ],
          Array [
            0.409,
            0.192,
          ],
          Array [
            0.339,
            0.192,
          ],
        ],
      ],
      "touchBorder": Array [
        Array [
          Array [
            0.339,
            0.11,
          ],
          Array [
            0.409,
            0.11,
          ],
          Array [
            0.409,
            0.192,
          ],
          Array [
            0.339,
            0.192,
          ],
        ],
      ],
    },
    "f": Object {
      "border": Array [
        Array [
          Array [
            0.198,
            -0.08,
          ],
          Array [
            0.289,
            -0.08,
          ],
          Array [
            0.289,
            0.06,
          ],
          Array [
            0.198,
            0.06,
          ],
        ],
      ],
      "touchBorder": Array [
        Array [
          Array [
            0.198,
            -0.08,
          ],
          Array [
            0.289,
            -0.08,
          ],
          Array [
            0.289,
            0.06,
          ],
          Array [
            0.198,
            0.06,
          ],
        ],
      ],
    },
    "g": Object {
      "border": Array [
        Array [
          Array [
            0.339,
            -0.08,
          ],
          Array [
            0.409,
            -0.08,
          ],
          Array [
            0.409,
            0.032,
          ],
          Array [
            0.339,
            0.032,
          ],
        ],
      ],
      "touchBorder": Array [
        Array [
          Array [
            0.339,
            -0.08,
          ],
          Array [
            0.409,
            -0.08,
          ],
          Array [
            0.409,
            0.032,
          ],
          Array [
            0.339,
            0.032,
          ],
        ],
      ],
    },
    "lb": Object {
      "border": Array [
        Array [
          Array [
            0.13,
            -0.13,
          ],
          Array [
            0.168,
            -0.13,
          ],
          Array [
            0.168,
            0.27,
          ],
          Array [
            0.13,
            0.27,
          ],
        ],
      ],
      "points": Array [
        0.038,
        0,
        0.038,
        0.009,
        0,
        0,
        0.013,
        0.009,
        0,
        0.401,
        0.013,
        0.391,
        0.038,
        0.401,
        0.038,
        0.391,
      ],
      "touchBorder": Array [
        Array [
          Array [
            0.13,
            -0.13,
          ],
          Array [
            0.168,
            -0.13,
          ],
          Array [
            0.168,
            0.27,
          ],
          Array [
            0.13,
            0.27,
          ],
        ],
      ],
    },
    "rb": Object {
      "border": Array [
        Array [
          Array [
            0.439,
            -0.13,
          ],
          Array [
            0.477,
            -0.13,
          ],
          Array [
            0.477,
            0.27,
          ],
          Array [
            0.439,
            0.27,
          ],
        ],
      ],
      "points": Array [
        0,
        0,
        0,
        0.009,
        0.038,
        0,
        0.025,
        0.009,
        0.038,
        0.401,
        0.025,
        0.391,
        0,
        0.401,
        0,
        0.391,
      ],
      "touchBorder": Array [
        Array [
          Array [
            0.439,
            -0.13,
          ],
          Array [
            0.477,
            -0.13,
          ],
          Array [
            0.477,
            0.27,
          ],
          Array [
            0.439,
            0.27,
          ],
        ],
      ],
    },
  },
  "touchBorder": Array [
    Array [
      Array [
        0,
        -0.13,
      ],
      Array [
        0.607,
        -0.13,
      ],
      Array [
        0.607,
        0.27,
      ],
      Array [
        0,
        0.27,
      ],
    ],
  ],
}
`;

exports[`Collection: Equation - Lines Shape object form 1`] = `
Object {
  "border": Array [
    Array [
      Array [
        0,
        -0.008,
      ],
      Array [
        0.1,
        -0.008,
      ],
      Array [
        0.1,
        0.11,
      ],
      Array [
        0,
        0.11,
      ],
    ],
    Array [
      Array [
        0.1,
        -0.008,
      ],
      Array [
        0.2,
        -0.008,
      ],
      Array [
        0.2,
        0.15,
      ],
      Array [
        0.1,
        0.15,
      ],
    ],
    Array [
      Array [
        0.2,
        -0.008,
      ],
      Array [
        0.3,
        -0.008,
      ],
      Array [
        0.3,
        0.11,
      ],
      Array [
        0.2,
        0.11,
      ],
    ],
  ],
  "elements": Object {
    "a": Object {
      "border": Array [
        Array [
          Array [
            0,
            -0.008,
          ],
          Array [
            0.1,
            -0.008,
          ],
          Array [
            0.1,
            0.11,
          ],
          Array [
            0,
            0.11,
          ],
        ],
      ],
      "touchBorder": Array [
        Array [
          Array [
            0,
            -0.008,
          ],
          Array [
            0.1,
            -0.008,
          ],
          Array [
            0.1,
            0.11,
          ],
          Array [
            0,
            0.11,
          ],
        ],
      ],
    },
    "b": Object {
      "border": Array [
        Array [
          Array [
            0.1,
            -0.008,
          ],
          Array [
            0.2,
            -0.008,
          ],
          Array [
            0.2,
            0.15,
          ],
          Array [
            0.1,
            0.15,
          ],
        ],
      ],
      "touchBorder": Array [
        Array [
          Array [
            0.1,
            -0.008,
          ],
          Array [
            0.2,
            -0.008,
          ],
          Array [
            0.2,
            0.15,
          ],
          Array [
            0.1,
            0.15,
          ],
        ],
      ],
    },
    "c": Object {
      "border": Array [
        Array [
          Array [
            0.2,
            -0.008,
          ],
          Array [
            0.3,
            -0.008,
          ],
          Array [
            0.3,
            0.11,
          ],
          Array [
            0.2,
            0.11,
          ],
        ],
      ],
      "touchBorder": Array [
        Array [
          Array [
            0.2,
            -0.008,
          ],
          Array [
            0.3,
            -0.008,
          ],
          Array [
            0.3,
            0.11,
          ],
          Array [
            0.2,
            0.11,
          ],
        ],
      ],
    },
  },
  "touchBorder": Array [
    Array [
      Array [
        0,
        -0.008,
      ],
      Array [
        0.3,
        -0.008,
      ],
      Array [
        0.3,
        0.15,
      ],
      Array [
        0,
        0.15,
      ],
    ],
  ],
}
`;

exports[`Collection: Equation - Lines Shape prod 1`] = `
Object {
  "border": Array [
    Array [
      Array [
        0,
        -0.008,
      ],
      Array [
        0.1,
        -0.008,
      ],
      Array [
        0.1,
        0.11,
      ],
      Array [
        0,
        0.11,
      ],
    ],
    Array [
      Array [
        0.18,
        0.22,
      ],
      Array [
        0.23,
        0.22,
      ],
      Array [
        0.23,
        0.299,
      ],
      Array [
        0.18,
        0.299,
      ],
    ],
    Array [
      Array [
        0.18,
        -0.197,
      ],
      Array [
        0.23,
        -0.197,
      ],
      Array [
        0.23,
        -0.118,
      ],
      Array [
        0.18,
        -0.118,
      ],
    ],
    Array [
      Array [
        0.1,
        -0.078,
      ],
      Array [
        0.31,
        -0.078,
      ],
      Array [
        0.31,
        0.18,
      ],
      Array [
        0.1,
        0.18,
      ],
    ],
    Array [
      Array [
        0.41,
        -0.008,
      ],
      Array [
        0.51,
        -0.008,
      ],
      Array [
        0.51,
        0.11,
      ],
      Array [
        0.41,
        0.11,
      ],
    ],
    Array [
      Array [
        0.51,
        -0.008,
      ],
      Array [
        0.61,
        -0.008,
      ],
      Array [
        0.61,
        0.11,
      ],
      Array [
        0.51,
        0.11,
      ],
    ],
  ],
  "elements": Object {
    "a": Object {
      "border": Array [
        Array [
          Array [
            0,
            -0.008,
          ],
          Array [
            0.1,
            -0.008,
          ],
          Array [
            0.1,
            0.11,
          ],
          Array [
            0,
            0.11,
          ],
        ],
      ],
      "touchBorder": Array [
        Array [
          Array [
            0,
            -0.008,
          ],
          Array [
            0.1,
            -0.008,
          ],
          Array [
            0.1,
            0.11,
          ],
          Array [
            0,
            0.11,
          ],
        ],
      ],
    },
    "b": Object {
      "border": Array [
        Array [
          Array [
            0.18,
            -0.197,
          ],
          Array [
            0.23,
            -0.197,
          ],
          Array [
            0.23,
            -0.118,
          ],
          Array [
            0.18,
            -0.118,
          ],
        ],
      ],
      "touchBorder": Array [
        Array [
          Array [
            0.18,
            -0.197,
          ],
          Array [
            0.23,
            -0.197,
          ],
          Array [
            0.23,
            -0.118,
          ],
          Array [
            0.18,
            -0.118,
          ],
        ],
      ],
    },
    "c": Object {
      "border": Array [
        Array [
          Array [
            0.51,
            -0.008,
          ],
          Array [
            0.61,
            -0.008,
          ],
          Array [
            0.61,
            0.11,
          ],
          Array [
            0.51,
            0.11,
          ],
        ],
      ],
      "touchBorder": Array [
        Array [
          Array [
            0.51,
            -0.008,
          ],
          Array [
            0.61,
            -0.008,
          ],
          Array [
            0.61,
            0.11,
          ],
          Array [
            0.51,
            0.11,
          ],
        ],
      ],
    },
    "d": Object {
      "border": Array [
        Array [
          Array [
            0.18,
            0.22,
          ],
          Array [
            0.23,
            0.22,
          ],
          Array [
            0.23,
            0.299,
          ],
          Array [
            0.18,
            0.299,
          ],
        ],
      ],
      "touchBorder": Array [
        Array [
          Array [
            0.18,
            0.22,
          ],
          Array [
            0.23,
            0.22,
          ],
          Array [
            0.23,
            0.299,
          ],
          Array [
            0.18,
            0.299,
          ],
        ],
      ],
    },
    "prod": Object {
      "border": Array [
        Array [
          Array [
            0.1,
            -0.078,
          ],
          Array [
            0.31,
            -0.078,
          ],
          Array [
            0.31,
            0.18,
          ],
          Array [
            0.1,
            0.18,
          ],
        ],
      ],
      "points": Array [
        0,
        0,
        0.084,
        0,
        0,
        0.005,
        0.084,
        0.005,
        0.01,
        0.006,
        0.074,
        0.006,
        0.017,
        0.009,
        0.067,
        0.009,
        0.023,
        0.015,
        0.061,
        0.015,
        0.026,
        0.022,
        0.058,
        0.022,
        0.027,
        0.032,
        0.057,
        0.032,
        0.027,
        0.226,
        0.057,
        0.226,
        0.026,
        0.236,
        0.057,
        0.236,
        0.023,
        0.243,
        0.057,
        0.243,
        0.017,
        0.249,
        0.057,
        0.249,
        0.01,
        0.252,
        0.057,
        0.252,
        0,
        0.253,
        0.057,
        0.253,
        0,
        0.258,
        0.084,
        0.258,
        0.057,
        0.258,
        0.057,
        0.246,
        0.153,
        0.258,
        0.153,
        0.246,
        0.21,
        0.258,
        0.126,
        0.258,
        0.21,
        0.253,
        0.153,
        0.253,
        0.2,
        0.252,
        0.153,
        0.252,
        0.192,
        0.249,
        0.153,
        0.249,
        0.187,
        0.243,
        0.153,
        0.243,
        0.184,
        0.236,
        0.153,
        0.236,
        0.183,
        0.226,
        0.153,
        0.226,
        0.183,
        0.032,
        0.153,
        0.032,
        0.184,
        0.022,
        0.152,
        0.022,
        0.187,
        0.015,
        0.148,
        0.015,
        0.192,
        0.009,
        0.143,
        0.009,
        0.2,
        0.006,
        0.135,
        0.006,
        0.21,
        0.005,
        0.126,
        0.005,
        0.21,
        0,
        0.126,
        0,
      ],
      "touchBorder": Array [
        Array [
          Array [
            0.1,
            -0.078,
          ],
          Array [
            0.31,
            -0.078,
          ],
          Array [
            0.31,
            0.18,
          ],
          Array [
            0.1,
            0.18,
          ],
        ],
      ],
    },
    "x": Object {
      "border": Array [
        Array [
          Array [
            0.41,
            -0.008,
          ],
          Array [
            0.51,
            -0.008,
          ],
          Array [
            0.51,
            0.11,
          ],
          Array [
            0.41,
            0.11,
          ],
        ],
      ],
      "touchBorder": Array [
        Array [
          Array [
            0.41,
            -0.008,
          ],
          Array [
            0.51,
            -0.008,
          ],
          Array [
            0.51,
            0.11,
          ],
          Array [
            0.41,
            0.11,
          ],
        ],
      ],
    },
  },
  "touchBorder": Array [
    Array [
      Array [
        0,
        -0.197,
      ],
      Array [
        0.61,
        -0.197,
      ],
      Array [
        0.61,
        0.299,
      ],
      Array [
        0,
        0.299,
      ],
    ],
  ],
}
`;

exports[`Collection: Equation - Lines Shape root 1`] = `
Object {
  "border": Array [
    Array [
      Array [
        0,
        -0.008,
      ],
      Array [
        0.1,
        -0.008,
      ],
      Array [
        0.1,
        0.11,
      ],
      Array [
        0,
        0.11,
      ],
    ],
    Array [
      Array [
        0.1,
        -0.07,
      ],
      Array [
        0.765,
        -0.07,
      ],
      Array [
        0.765,
        0.18,
      ],
      Array [
        0.1,
        0.18,
      ],
    ],
    Array [
      Array [
        0.245,
        -0.05,
      ],
      Array [
        0.745,
        -0.05,
      ],
      Array [
        0.745,
        0.15,
      ],
      Array [
        0.245,
        0.15,
      ],
    ],
    Array [
      Array [
        0.765,
        -0.008,
      ],
      Array [
        0.865,
        -0.008,
      ],
      Array [
        0.865,
        0.11,
      ],
      Array [
        0.765,
        0.11,
      ],
    ],
  ],
  "elements": Object {
    "a": Object {
      "border": Array [
        Array [
          Array [
            0,
            -0.008,
          ],
          Array [
            0.1,
            -0.008,
          ],
          Array [
            0.1,
            0.11,
          ],
          Array [
            0,
            0.11,
          ],
        ],
      ],
      "touchBorder": Array [
        Array [
          Array [
            0,
            -0.008,
          ],
          Array [
            0.1,
            -0.008,
          ],
          Array [
            0.1,
            0.11,
          ],
          Array [
            0,
            0.11,
          ],
        ],
      ],
    },
    "befgh": Object {
      "border": Array [
        Array [
          Array [
            0.245,
            -0.05,
          ],
          Array [
            0.745,
            -0.05,
          ],
          Array [
            0.745,
            0.15,
          ],
          Array [
            0.245,
            0.15,
          ],
        ],
      ],
      "touchBorder": Array [
        Array [
          Array [
            0.245,
            -0.05,
          ],
          Array [
            0.745,
            -0.05,
          ],
          Array [
            0.745,
            0.15,
          ],
          Array [
            0.245,
            0.15,
          ],
        ],
      ],
    },
    "c": Object {
      "border": Array [
        Array [
          Array [
            0.765,
            -0.008,
          ],
          Array [
            0.865,
            -0.008,
          ],
          Array [
            0.865,
            0.11,
          ],
          Array [
            0.765,
            0.11,
          ],
        ],
      ],
      "touchBorder": Array [
        Array [
          Array [
            0.765,
            -0.008,
          ],
          Array [
            0.865,
            -0.008,
          ],
          Array [
            0.865,
            0.11,
          ],
          Array [
            0.765,
            0.11,
          ],
        ],
      ],
    },
    "radical": Object {
      "border": Array [
        Array [
          Array [
            0.1,
            -0.07,
          ],
          Array [
            0.765,
            -0.07,
          ],
          Array [
            0.765,
            0.18,
          ],
          Array [
            0.1,
            0.18,
          ],
        ],
      ],
      "points": Array [
        0,
        0.113,
        -0.004,
        0.121,
        0.025,
        0.125,
        0.039,
        0.143,
        0.075,
        0,
        0.076,
        0.052,
        0.125,
        0.24,
        0.117,
        0.25,
        0.665,
        0.24,
        0.665,
        0.25,
      ],
      "touchBorder": Array [
        Array [
          Array [
            0.1,
            -0.07,
          ],
          Array [
            0.765,
            -0.07,
          ],
          Array [
            0.765,
            0.18,
          ],
          Array [
            0.1,
            0.18,
          ],
        ],
      ],
    },
  },
  "touchBorder": Array [
    Array [
      Array [
        0,
        -0.07,
      ],
      Array [
        0.865,
        -0.07,
      ],
      Array [
        0.865,
        0.18,
      ],
      Array [
        0,
        0.18,
      ],
    ],
  ],
}
`;

exports[`Collection: Equation - Lines Shape sum 1`] = `
Object {
  "border": Array [
    Array [
      Array [
        0,
        -0.008,
      ],
      Array [
        0.1,
        -0.008,
      ],
      Array [
        0.1,
        0.11,
      ],
      Array [
        0,
        0.11,
      ],
    ],
    Array [
      Array [
        0.189,
        0.22,
      ],
      Array [
        0.239,
        0.22,
      ],
      Array [
        0.239,
        0.299,
      ],
      Array [
        0.189,
        0.299,
      ],
    ],
    Array [
      Array [
        0.189,
        -0.197,
      ],
      Array [
        0.239,
        -0.197,
      ],
      Array [
        0.239,
        -0.118,
      ],
      Array [
        0.189,
        -0.118,
      ],
    ],
    Array [
      Array [
        0.1,
        -0.078,
      ],
      Array [
        0.327,
        -0.078,
      ],
      Array [
        0.327,
        0.18,
      ],
      Array [
        0.1,
        0.18,
      ],
    ],
    Array [
      Array [
        0.427,
        -0.008,
      ],
      Array [
        0.527,
        -0.008,
      ],
      Array [
        0.527,
        0.11,
      ],
      Array [
        0.427,
        0.11,
      ],
    ],
    Array [
      Array [
        0.527,
        -0.008,
      ],
      Array [
        0.627,
        -0.008,
      ],
      Array [
        0.627,
        0.11,
      ],
      Array [
        0.527,
        0.11,
      ],
    ],
  ],
  "elements": Object {
    "a": Object {
      "border": Array [
        Array [
          Array [
            0,
            -0.008,
          ],
          Array [
            0.1,
            -0.008,
          ],
          Array [
            0.1,
            0.11,
          ],
          Array [
            0,
            0.11,
          ],
        ],
      ],
      "touchBorder": Array [
        Array [
          Array [
            0,
            -0.008,
          ],
          Array [
            0.1,
            -0.008,
          ],
          Array [
            0.1,
            0.11,
          ],
          Array [
            0,
            0.11,
          ],
        ],
      ],
    },
    "b": Object {
      "border": Array [
        Array [
          Array [
            0.189,
            -0.197,
          ],
          Array [
            0.239,
            -0.197,
          ],
          Array [
            0.239,
            -0.118,
          ],
          Array [
            0.189,
            -0.118,
          ],
        ],
      ],
      "touchBorder": Array [
        Array [
          Array [
            0.189,
            -0.197,
          ],
          Array [
            0.239,
            -0.197,
          ],
          Array [
            0.239,
            -0.118,
          ],
          Array [
            0.189,
            -0.118,
          ],
        ],
      ],
    },
    "c": Object {
      "border": Array [
        Array [
          Array [
            0.527,
            -0.008,
          ],
          Array [
            0.627,
            -0.008,
          ],
          Array [
            0.627,
            0.11,
          ],
          Array [
            0.527,
            0.11,
          ],
        ],
      ],
      "touchBorder": Array [
        Array [
          Array [
            0.527,
            -0.008,
          ],
          Array [
            0.627,
            -0.008,
          ],
          Array [
            0.627,
            0.11,
          ],
          Array [
            0.527,
            0.11,
          ],
        ],
      ],
    },
    "d": Object {
      "border": Array [
        Array [
          Array [
            0.189,
            0.22,
          ],
          Array [
            0.239,
            0.22,
          ],
          Array [
            0.239,
            0.299,
          ],
          Array [
            0.189,
            0.299,
          ],
        ],
      ],
      "touchBorder": Array [
        Array [
          Array [
            0.189,
            0.22,
          ],
          Array [
            0.239,
            0.22,
          ],
          Array [
            0.239,
            0.299,
          ],
          Array [
            0.189,
            0.299,
          ],
        ],
      ],
    },
    "sum": Object {
      "border": Array [
        Array [
          Array [
            0.1,
            -0.078,
          ],
          Array [
            0.327,
            -0.078,
          ],
          Array [
            0.327,
            0.18,
          ],
          Array [
            0.1,
            0.18,
          ],
        ],
      ],
      "points": Array [
        0.227,
        0.045,
        0.221,
        0.045,
        0.22,
        0,
        0.221,
        0.045,
        0.22,
        0,
        0.218,
        0.037,
        0.22,
        0,
        0.214,
        0.03,
        0.22,
        0,
        0.209,
        0.025,
        0.22,
        0,
        0.201,
        0.022,
        0.22,
        0,
        0.193,
        0.021,
        0,
        0,
        0.031,
        0.021,
        0.098,
        0.118,
        0.125,
        0.135,
        0,
        0.258,
        0.046,
        0.247,
        0.224,
        0.258,
        0.19,
        0.247,
        0.224,
        0.258,
        0.2,
        0.246,
        0.224,
        0.258,
        0.208,
        0.243,
        0.224,
        0.258,
        0.215,
        0.237,
        0.224,
        0.258,
        0.219,
        0.229,
        0.224,
        0.258,
        0.221,
        0.219,
        0.227,
        0.219,
        0.221,
        0.219,
      ],
      "touchBorder": Array [
        Array [
          Array [
            0.1,
            -0.078,
          ],
          Array [
            0.327,
            -0.078,
          ],
          Array [
            0.327,
            0.18,
          ],
          Array [
            0.1,
            0.18,
          ],
        ],
      ],
    },
    "x": Object {
      "border": Array [
        Array [
          Array [
            0.427,
            -0.008,
          ],
          Array [
            0.527,
            -0.008,
          ],
          Array [
            0.527,
            0.11,
          ],
          Array [
            0.427,
            0.11,
          ],
        ],
      ],
      "touchBorder": Array [
        Array [
          Array [
            0.427,
            -0.008,
          ],
          Array [
            0.527,
            -0.008,
          ],
          Array [
            0.527,
            0.11,
          ],
          Array [
            0.427,
            0.11,
          ],
        ],
      ],
    },
  },
  "touchBorder": Array [
    Array [
      Array [
        0,
        -0.197,
      ],
      Array [
        0.627,
        -0.197,
      ],
      Array [
        0.627,
        0.299,
      ],
      Array [
        0,
        0.299,
      ],
    ],
  ],
}
`;
