// Jest Snapshot v1, https://jestjs.io/docs/snapshot-testing

exports[`Equation Functions - Bar Bar 1`] = `
[
  0.7,
  0,
  0,
  0.08,
  0,
  0.7,
  0,
  0,
  0,
  0,
  1,
  0,
  0,
  0,
  0,
  1,
]
`;

exports[`Equation Functions - Bar Bar 2`] = `
[
  0.01,
  0,
  0,
  0,
  0,
  0.2226,
  0,
  -0.0756,
  0,
  0,
  1,
  0,
  0,
  0,
  0,
  1,
]
`;
