// Jest Snapshot v1, https://goo.gl/fbAQLP

exports[`Equation Symbols - Box Box Dynamic 1`] = `0`;

exports[`Equation Symbols - Box Box Dynamic 2`] = `
Array [
  0,
  0,
  0.01,
  0.01,
  0,
  0.323,
  0.01,
  0.313,
  0.32,
  0.323,
  0.31,
  0.313,
  0.32,
  0,
  0.31,
  0.01,
  0,
  0,
  0.01,
  0.01,
]
`;
