// Jest Snapshot v1, https://jestjs.io/docs/snapshot-testing

exports[`Collection: Line - Animations Shape grow 1`] = `
{
  "border": [
    [
      [
        -0.2,
        -0.025,
      ],
      [
        0.2,
        -0.025,
      ],
      [
        0.2,
        0.025,
      ],
      [
        -0.2,
        0.025,
      ],
    ],
  ],
  "elements": {
    "line": {
      "border": [
        [
          [
            -0.2,
            -0.025,
          ],
          [
            0.2,
            -0.025,
          ],
          [
            0.2,
            0.025,
          ],
          [
            -0.2,
            0.025,
          ],
        ],
      ],
      "points": [
        0,
        0.025,
        0.4,
        0.025,
        0,
        -0.025,
        0,
        -0.025,
        0.4,
        0.025,
        0.4,
        -0.025,
      ],
      "touchBorder": [
        [
          [
            -0.2,
            -0.025,
          ],
          [
            0.2,
            -0.025,
          ],
          [
            0.2,
            0.025,
          ],
          [
            -0.2,
            0.025,
          ],
        ],
      ],
    },
  },
  "touchBorder": [
    [
      [
        -0.2,
        -0.025,
      ],
      [
        0.2,
        -0.025,
      ],
      [
        0.2,
        0.025,
      ],
      [
        -0.2,
        0.025,
      ],
    ],
  ],
}
`;

exports[`Collection: Line - Animations Shape lengthAnimation 1`] = `
{
  "border": [
    [
      [
        -0.2,
        -0.025,
      ],
      [
        0.2,
        -0.025,
      ],
      [
        0.2,
        0.025,
      ],
      [
        -0.2,
        0.025,
      ],
    ],
  ],
  "elements": {
    "line": {
      "border": [
        [
          [
            -0.2,
            -0.025,
          ],
          [
            0.2,
            -0.025,
          ],
          [
            0.2,
            0.025,
          ],
          [
            -0.2,
            0.025,
          ],
        ],
      ],
      "points": [
        0,
        0.025,
        0.4,
        0.025,
        0,
        -0.025,
        0,
        -0.025,
        0.4,
        0.025,
        0.4,
        -0.025,
      ],
      "touchBorder": [
        [
          [
            -0.2,
            -0.025,
          ],
          [
            0.2,
            -0.025,
          ],
          [
            0.2,
            0.025,
          ],
          [
            -0.2,
            0.025,
          ],
        ],
      ],
    },
  },
  "touchBorder": [
    [
      [
        -0.2,
        -0.025,
      ],
      [
        0.2,
        -0.025,
      ],
      [
        0.2,
        0.025,
      ],
      [
        -0.2,
        0.025,
      ],
    ],
  ],
}
`;

exports[`Collection: Line - Animations Shape lengthAnimationStep 1`] = `
{
  "border": [
    [
      [
        -0.2,
        -0.025,
      ],
      [
        0.2,
        -0.025,
      ],
      [
        0.2,
        0.025,
      ],
      [
        -0.2,
        0.025,
      ],
    ],
  ],
  "elements": {
    "line": {
      "border": [
        [
          [
            -0.2,
            -0.025,
          ],
          [
            0.2,
            -0.025,
          ],
          [
            0.2,
            0.025,
          ],
          [
            -0.2,
            0.025,
          ],
        ],
      ],
      "points": [
        0,
        0.025,
        0.4,
        0.025,
        0,
        -0.025,
        0,
        -0.025,
        0.4,
        0.025,
        0.4,
        -0.025,
      ],
      "touchBorder": [
        [
          [
            -0.2,
            -0.025,
          ],
          [
            0.2,
            -0.025,
          ],
          [
            0.2,
            0.025,
          ],
          [
            -0.2,
            0.025,
          ],
        ],
      ],
    },
  },
  "touchBorder": [
    [
      [
        -0.2,
        -0.025,
      ],
      [
        0.2,
        -0.025,
      ],
      [
        0.2,
        0.025,
      ],
      [
        -0.2,
        0.025,
      ],
    ],
  ],
}
`;

exports[`Collection: Line - Animations Shape pulse-defaults 1`] = `
{
  "border": [
    [
      [
        -0.15,
        -0.005,
      ],
      [
        0.15,
        -0.005,
      ],
      [
        0.15,
        0.005,
      ],
      [
        -0.15,
        0.005,
      ],
    ],
    [
      [
        -0.15,
        0,
      ],
      [
        -0.14,
        0.03,
      ],
      [
        -0.2,
        0,
      ],
      [
        -0.14,
        -0.03,
      ],
    ],
    [
      [
        0.15,
        0,
      ],
      [
        0.14,
        -0.03,
      ],
      [
        0.2,
        0,
      ],
      [
        0.14,
        0.03,
      ],
    ],
    [
      [
        -0.035,
        0.066,
      ],
      [
        0.035,
        0.066,
      ],
      [
        0.035,
        0.148,
      ],
      [
        -0.035,
        0.148,
      ],
    ],
  ],
  "elements": {
    "arrow1": {
      "border": [
        [
          [
            -0.15,
            0,
          ],
          [
            -0.14,
            0.03,
          ],
          [
            -0.2,
            0,
          ],
          [
            -0.14,
            -0.03,
          ],
        ],
      ],
      "points": [
        0.05,
        0,
        0.06,
        0.03,
        0,
        0,
        0.05,
        0,
        0,
        0,
        0.06,
        -0.03,
      ],
      "touchBorder": [
        [
          [
            -0.15,
            0,
          ],
          [
            -0.14,
            0.03,
          ],
          [
            -0.2,
            0,
          ],
          [
            -0.14,
            -0.03,
          ],
        ],
      ],
    },
    "arrow2": {
      "border": [
        [
          [
            0.15,
            0,
          ],
          [
            0.14,
            -0.03,
          ],
          [
            0.2,
            0,
          ],
          [
            0.14,
            0.03,
          ],
        ],
      ],
      "points": [
        -0.05,
        0,
        -0.06,
        -0.03,
        0,
        0,
        -0.05,
        0,
        0,
        0,
        -0.06,
        0.03,
      ],
      "touchBorder": [
        [
          [
            0.15,
            0,
          ],
          [
            0.14,
            -0.03,
          ],
          [
            0.2,
            0,
          ],
          [
            0.14,
            0.03,
          ],
        ],
      ],
    },
    "label": {
      "border": [
        [
          [
            -0.035,
            0.066,
          ],
          [
            0.035,
            0.066,
          ],
          [
            0.035,
            0.148,
          ],
          [
            -0.035,
            0.148,
          ],
        ],
      ],
      "elements": {
        "base": {
          "border": [
            [
              [
                -0.035,
                0.066,
              ],
              [
                0.035,
                0.066,
              ],
              [
                0.035,
                0.148,
              ],
              [
                -0.035,
                0.148,
              ],
            ],
          ],
          "touchBorder": [
            [
              [
                -0.035,
                0.066,
              ],
              [
                0.035,
                0.066,
              ],
              [
                0.035,
                0.148,
              ],
              [
                -0.035,
                0.148,
              ],
            ],
          ],
        },
      },
      "touchBorder": [
        [
          [
            -0.035,
            0.066,
          ],
          [
            0.035,
            0.066,
          ],
          [
            0.035,
            0.148,
          ],
          [
            -0.035,
            0.148,
          ],
        ],
      ],
    },
    "line": {
      "border": [
        [
          [
            -0.15,
            -0.005,
          ],
          [
            0.15,
            -0.005,
          ],
          [
            0.15,
            0.005,
          ],
          [
            -0.15,
            0.005,
          ],
        ],
      ],
      "points": [
        0,
        0.005,
        0.3,
        0.005,
        0,
        -0.005,
        0,
        -0.005,
        0.3,
        0.005,
        0.3,
        -0.005,
      ],
      "touchBorder": [
        [
          [
            -0.15,
            -0.005,
          ],
          [
            0.15,
            -0.005,
          ],
          [
            0.15,
            0.005,
          ],
          [
            -0.15,
            0.005,
          ],
        ],
      ],
    },
  },
  "touchBorder": [
    [
      [
        -0.15,
        -0.005,
      ],
      [
        0.15,
        -0.005,
      ],
      [
        0.15,
        0.005,
      ],
      [
        -0.15,
        0.005,
      ],
    ],
    [
      [
        -0.15,
        0,
      ],
      [
        -0.14,
        0.03,
      ],
      [
        -0.2,
        0,
      ],
      [
        -0.14,
        -0.03,
      ],
    ],
    [
      [
        0.15,
        0,
      ],
      [
        0.14,
        -0.03,
      ],
      [
        0.2,
        0,
      ],
      [
        0.14,
        0.03,
      ],
    ],
    [
      [
        -0.035,
        0.066,
      ],
      [
        0.035,
        0.066,
      ],
      [
        0.035,
        0.148,
      ],
      [
        -0.035,
        0.148,
      ],
    ],
  ],
}
`;

exports[`Collection: Line - Animations Shape pulseWidth 1`] = `
{
  "border": [
    [
      [
        -0.15,
        -0.005,
      ],
      [
        0.15,
        -0.005,
      ],
      [
        0.15,
        0.005,
      ],
      [
        -0.15,
        0.005,
      ],
    ],
    [
      [
        -0.15,
        0,
      ],
      [
        -0.14,
        0.03,
      ],
      [
        -0.2,
        0,
      ],
      [
        -0.14,
        -0.03,
      ],
    ],
    [
      [
        0.15,
        0,
      ],
      [
        0.14,
        -0.03,
      ],
      [
        0.2,
        0,
      ],
      [
        0.14,
        0.03,
      ],
    ],
    [
      [
        -0.035,
        0.066,
      ],
      [
        0.035,
        0.066,
      ],
      [
        0.035,
        0.148,
      ],
      [
        -0.035,
        0.148,
      ],
    ],
  ],
  "elements": {
    "arrow1": {
      "border": [
        [
          [
            -0.15,
            0,
          ],
          [
            -0.14,
            0.03,
          ],
          [
            -0.2,
            0,
          ],
          [
            -0.14,
            -0.03,
          ],
        ],
      ],
      "points": [
        0.05,
        0,
        0.06,
        0.03,
        0,
        0,
        0.05,
        0,
        0,
        0,
        0.06,
        -0.03,
      ],
      "touchBorder": [
        [
          [
            -0.15,
            0,
          ],
          [
            -0.14,
            0.03,
          ],
          [
            -0.2,
            0,
          ],
          [
            -0.14,
            -0.03,
          ],
        ],
      ],
    },
    "arrow2": {
      "border": [
        [
          [
            0.15,
            0,
          ],
          [
            0.14,
            -0.03,
          ],
          [
            0.2,
            0,
          ],
          [
            0.14,
            0.03,
          ],
        ],
      ],
      "points": [
        -0.05,
        0,
        -0.06,
        -0.03,
        0,
        0,
        -0.05,
        0,
        0,
        0,
        -0.06,
        0.03,
      ],
      "touchBorder": [
        [
          [
            0.15,
            0,
          ],
          [
            0.14,
            -0.03,
          ],
          [
            0.2,
            0,
          ],
          [
            0.14,
            0.03,
          ],
        ],
      ],
    },
    "label": {
      "border": [
        [
          [
            -0.035,
            0.066,
          ],
          [
            0.035,
            0.066,
          ],
          [
            0.035,
            0.148,
          ],
          [
            -0.035,
            0.148,
          ],
        ],
      ],
      "elements": {
        "base": {
          "border": [
            [
              [
                -0.035,
                0.066,
              ],
              [
                0.035,
                0.066,
              ],
              [
                0.035,
                0.148,
              ],
              [
                -0.035,
                0.148,
              ],
            ],
          ],
          "touchBorder": [
            [
              [
                -0.035,
                0.066,
              ],
              [
                0.035,
                0.066,
              ],
              [
                0.035,
                0.148,
              ],
              [
                -0.035,
                0.148,
              ],
            ],
          ],
        },
      },
      "touchBorder": [
        [
          [
            -0.035,
            0.066,
          ],
          [
            0.035,
            0.066,
          ],
          [
            0.035,
            0.148,
          ],
          [
            -0.035,
            0.148,
          ],
        ],
      ],
    },
    "line": {
      "border": [
        [
          [
            -0.15,
            -0.005,
          ],
          [
            0.15,
            -0.005,
          ],
          [
            0.15,
            0.005,
          ],
          [
            -0.15,
            0.005,
          ],
        ],
      ],
      "points": [
        0,
        0.005,
        0.3,
        0.005,
        0,
        -0.005,
        0,
        -0.005,
        0.3,
        0.005,
        0.3,
        -0.005,
      ],
      "touchBorder": [
        [
          [
            -0.15,
            -0.005,
          ],
          [
            0.15,
            -0.005,
          ],
          [
            0.15,
            0.005,
          ],
          [
            -0.15,
            0.005,
          ],
        ],
      ],
    },
  },
  "touchBorder": [
    [
      [
        -0.15,
        -0.005,
      ],
      [
        0.15,
        -0.005,
      ],
      [
        0.15,
        0.005,
      ],
      [
        -0.15,
        0.005,
      ],
    ],
    [
      [
        -0.15,
        0,
      ],
      [
        -0.14,
        0.03,
      ],
      [
        -0.2,
        0,
      ],
      [
        -0.14,
        -0.03,
      ],
    ],
    [
      [
        0.15,
        0,
      ],
      [
        0.14,
        -0.03,
      ],
      [
        0.2,
        0,
      ],
      [
        0.14,
        0.03,
      ],
    ],
    [
      [
        -0.035,
        0.066,
      ],
      [
        0.035,
        0.066,
      ],
      [
        0.035,
        0.148,
      ],
      [
        -0.035,
        0.148,
      ],
    ],
  ],
}
`;
