// Jest Snapshot v1, https://goo.gl/fbAQLP

exports[`Equation Symbols - Angle Bracket Snapshot 1`] = `
Array [
  0.01967,
  0,
  0.03,
  0,
  0,
  0.0763,
  0.01033,
  0.0763,
  0.01967,
  0.1526,
  0.03,
  0.1526,
]
`;

exports[`Equation Symbols - Angle Bracket Snapshot 2`] = `
Array [
  0.01033,
  0,
  0,
  0,
  0.03,
  0.0763,
  0.01967,
  0.0763,
  0.01033,
  0.1526,
  0,
  0.1526,
]
`;
