// Jest Snapshot v1, https://jestjs.io/docs/snapshot-testing

exports[`Equation Symbols - Box Box Dynamic 1`] = `undefined`;

exports[`Equation Symbols - Box Box Dynamic 2`] = `
[
  0,
  0,
  0.01,
  0.01,
  0,
  0.338,
  0.01,
  0.328,
  0.32,
  0.338,
  0.31,
  0.328,
  0.32,
  0,
  0.31,
  0.01,
  0,
  0,
  0.01,
  0.01,
]
`;
