// Jest Snapshot v1, https://jestjs.io/docs/snapshot-testing

exports[`Collection: Equation - Lines Shape array form 1`] = `
{
  "border": [
    [
      [
        0.208,
        -0.004,
      ],
      [
        0.458,
        -0.004,
      ],
      [
        0.458,
        0.075,
      ],
      [
        0.208,
        0.075,
      ],
    ],
    [
      [
        0.473,
        -0.025,
      ],
      [
        0.722,
        -0.025,
      ],
      [
        0.722,
        0.075,
      ],
      [
        0.473,
        0.075,
      ],
    ],
    [
      [
        0.34,
        -0.104,
      ],
      [
        0.59,
        -0.104,
      ],
      [
        0.59,
        -0.025,
      ],
      [
        0.34,
        -0.025,
      ],
    ],
    [
      [
        0,
        -0.183,
      ],
      [
        0.15,
        -0.183,
      ],
      [
        0.15,
        -0.104,
      ],
      [
        0,
        -0.104,
      ],
    ],
    [
      [
        0.165,
        -0.183,
      ],
      [
        0.365,
        -0.183,
      ],
      [
        0.365,
        -0.104,
      ],
      [
        0.165,
        -0.104,
      ],
    ],
    [
      [
        0.38,
        -0.183,
      ],
      [
        0.93,
        -0.183,
      ],
      [
        0.93,
        -0.104,
      ],
      [
        0.38,
        -0.104,
      ],
    ],
  ],
  "elements": {
    "Lorem": {
      "border": [
        [
          [
            0.208,
            -0.004,
          ],
          [
            0.458,
            -0.004,
          ],
          [
            0.458,
            0.075,
          ],
          [
            0.208,
            0.075,
          ],
        ],
      ],
      "touchBorder": [
        [
          [
            0.208,
            -0.004,
          ],
          [
            0.458,
            -0.004,
          ],
          [
            0.458,
            0.075,
          ],
          [
            0.208,
            0.075,
          ],
        ],
      ],
    },
    "amet": {
      "border": [
        [
          [
            0.165,
            -0.183,
          ],
          [
            0.365,
            -0.183,
          ],
          [
            0.365,
            -0.104,
          ],
          [
            0.165,
            -0.104,
          ],
        ],
      ],
      "touchBorder": [
        [
          [
            0.165,
            -0.183,
          ],
          [
            0.365,
            -0.183,
          ],
          [
            0.365,
            -0.104,
          ],
          [
            0.165,
            -0.104,
          ],
        ],
      ],
    },
    "consectetur": {
      "border": [
        [
          [
            0.38,
            -0.183,
          ],
          [
            0.93,
            -0.183,
          ],
          [
            0.93,
            -0.104,
          ],
          [
            0.38,
            -0.104,
          ],
        ],
      ],
      "touchBorder": [
        [
          [
            0.38,
            -0.183,
          ],
          [
            0.93,
            -0.183,
          ],
          [
            0.93,
            -0.104,
          ],
          [
            0.38,
            -0.104,
          ],
        ],
      ],
    },
    "dolor": {
      "border": [
        [
          [
            0.34,
            -0.104,
          ],
          [
            0.59,
            -0.104,
          ],
          [
            0.59,
            -0.025,
          ],
          [
            0.34,
            -0.025,
          ],
        ],
      ],
      "touchBorder": [
        [
          [
            0.34,
            -0.104,
          ],
          [
            0.59,
            -0.104,
          ],
          [
            0.59,
            -0.025,
          ],
          [
            0.34,
            -0.025,
          ],
        ],
      ],
    },
    "ipsum": {
      "border": [
        [
          [
            0.473,
            -0.025,
          ],
          [
            0.722,
            -0.025,
          ],
          [
            0.722,
            0.075,
          ],
          [
            0.473,
            0.075,
          ],
        ],
      ],
      "touchBorder": [
        [
          [
            0.473,
            -0.025,
          ],
          [
            0.722,
            -0.025,
          ],
          [
            0.722,
            0.075,
          ],
          [
            0.473,
            0.075,
          ],
        ],
      ],
    },
    "sit": {
      "border": [
        [
          [
            0,
            -0.183,
          ],
          [
            0.15,
            -0.183,
          ],
          [
            0.15,
            -0.104,
          ],
          [
            0,
            -0.104,
          ],
        ],
      ],
      "touchBorder": [
        [
          [
            0,
            -0.183,
          ],
          [
            0.15,
            -0.183,
          ],
          [
            0.15,
            -0.104,
          ],
          [
            0,
            -0.104,
          ],
        ],
      ],
    },
  },
  "touchBorder": [
    [
      [
        0,
        -0.183,
      ],
      [
        0.93,
        -0.183,
      ],
      [
        0.93,
        0.075,
      ],
      [
        0,
        0.075,
      ],
    ],
  ],
}
`;

exports[`Collection: Equation - Lines Shape justify element 1`] = `
{
  "border": [
    [
      [
        0,
        -0.004,
      ],
      [
        0.25,
        -0.004,
      ],
      [
        0.25,
        0.075,
      ],
      [
        0,
        0.075,
      ],
    ],
    [
      [
        0.265,
        -0.025,
      ],
      [
        0.515,
        -0.025,
      ],
      [
        0.515,
        0.075,
      ],
      [
        0.265,
        0.075,
      ],
    ],
    [
      [
        0.265,
        -0.104,
      ],
      [
        0.515,
        -0.104,
      ],
      [
        0.515,
        -0.025,
      ],
      [
        0.265,
        -0.025,
      ],
    ],
    [
      [
        0.1,
        -0.183,
      ],
      [
        0.25,
        -0.183,
      ],
      [
        0.25,
        -0.104,
      ],
      [
        0.1,
        -0.104,
      ],
    ],
    [
      [
        0.265,
        -0.183,
      ],
      [
        0.465,
        -0.183,
      ],
      [
        0.465,
        -0.104,
      ],
      [
        0.265,
        -0.104,
      ],
    ],
    [
      [
        0.48,
        -0.183,
      ],
      [
        1.03,
        -0.183,
      ],
      [
        1.03,
        -0.104,
      ],
      [
        0.48,
        -0.104,
      ],
    ],
  ],
  "elements": {
    "Lorem": {
      "border": [
        [
          [
            0,
            -0.004,
          ],
          [
            0.25,
            -0.004,
          ],
          [
            0.25,
            0.075,
          ],
          [
            0,
            0.075,
          ],
        ],
      ],
      "touchBorder": [
        [
          [
            0,
            -0.004,
          ],
          [
            0.25,
            -0.004,
          ],
          [
            0.25,
            0.075,
          ],
          [
            0,
            0.075,
          ],
        ],
      ],
    },
    "amet": {
      "border": [
        [
          [
            0.265,
            -0.183,
          ],
          [
            0.465,
            -0.183,
          ],
          [
            0.465,
            -0.104,
          ],
          [
            0.265,
            -0.104,
          ],
        ],
      ],
      "touchBorder": [
        [
          [
            0.265,
            -0.183,
          ],
          [
            0.465,
            -0.183,
          ],
          [
            0.465,
            -0.104,
          ],
          [
            0.265,
            -0.104,
          ],
        ],
      ],
    },
    "consectetur": {
      "border": [
        [
          [
            0.48,
            -0.183,
          ],
          [
            1.03,
            -0.183,
          ],
          [
            1.03,
            -0.104,
          ],
          [
            0.48,
            -0.104,
          ],
        ],
      ],
      "touchBorder": [
        [
          [
            0.48,
            -0.183,
          ],
          [
            1.03,
            -0.183,
          ],
          [
            1.03,
            -0.104,
          ],
          [
            0.48,
            -0.104,
          ],
        ],
      ],
    },
    "dolor": {
      "border": [
        [
          [
            0.265,
            -0.104,
          ],
          [
            0.515,
            -0.104,
          ],
          [
            0.515,
            -0.025,
          ],
          [
            0.265,
            -0.025,
          ],
        ],
      ],
      "touchBorder": [
        [
          [
            0.265,
            -0.104,
          ],
          [
            0.515,
            -0.104,
          ],
          [
            0.515,
            -0.025,
          ],
          [
            0.265,
            -0.025,
          ],
        ],
      ],
    },
    "ipsum": {
      "border": [
        [
          [
            0.265,
            -0.025,
          ],
          [
            0.515,
            -0.025,
          ],
          [
            0.515,
            0.075,
          ],
          [
            0.265,
            0.075,
          ],
        ],
      ],
      "touchBorder": [
        [
          [
            0.265,
            -0.025,
          ],
          [
            0.515,
            -0.025,
          ],
          [
            0.515,
            0.075,
          ],
          [
            0.265,
            0.075,
          ],
        ],
      ],
    },
    "sit": {
      "border": [
        [
          [
            0.1,
            -0.183,
          ],
          [
            0.25,
            -0.183,
          ],
          [
            0.25,
            -0.104,
          ],
          [
            0.1,
            -0.104,
          ],
        ],
      ],
      "touchBorder": [
        [
          [
            0.1,
            -0.183,
          ],
          [
            0.25,
            -0.183,
          ],
          [
            0.25,
            -0.104,
          ],
          [
            0.1,
            -0.104,
          ],
        ],
      ],
    },
  },
  "touchBorder": [
    [
      [
        0,
        -0.183,
      ],
      [
        1.03,
        -0.183,
      ],
      [
        1.03,
        0.075,
      ],
      [
        0,
        0.075,
      ],
    ],
  ],
}
`;

exports[`Collection: Equation - Lines Shape justify left 1`] = `
{
  "border": [
    [
      [
        0,
        -0.004,
      ],
      [
        0.25,
        -0.004,
      ],
      [
        0.25,
        0.075,
      ],
      [
        0,
        0.075,
      ],
    ],
    [
      [
        0.265,
        -0.025,
      ],
      [
        0.515,
        -0.025,
      ],
      [
        0.515,
        0.075,
      ],
      [
        0.265,
        0.075,
      ],
    ],
    [
      [
        0,
        -0.104,
      ],
      [
        0.25,
        -0.104,
      ],
      [
        0.25,
        -0.025,
      ],
      [
        0,
        -0.025,
      ],
    ],
    [
      [
        0,
        -0.183,
      ],
      [
        0.15,
        -0.183,
      ],
      [
        0.15,
        -0.104,
      ],
      [
        0,
        -0.104,
      ],
    ],
    [
      [
        0.165,
        -0.183,
      ],
      [
        0.365,
        -0.183,
      ],
      [
        0.365,
        -0.104,
      ],
      [
        0.165,
        -0.104,
      ],
    ],
    [
      [
        0.38,
        -0.183,
      ],
      [
        0.93,
        -0.183,
      ],
      [
        0.93,
        -0.104,
      ],
      [
        0.38,
        -0.104,
      ],
    ],
  ],
  "elements": {
    "Lorem": {
      "border": [
        [
          [
            0,
            -0.004,
          ],
          [
            0.25,
            -0.004,
          ],
          [
            0.25,
            0.075,
          ],
          [
            0,
            0.075,
          ],
        ],
      ],
      "touchBorder": [
        [
          [
            0,
            -0.004,
          ],
          [
            0.25,
            -0.004,
          ],
          [
            0.25,
            0.075,
          ],
          [
            0,
            0.075,
          ],
        ],
      ],
    },
    "amet": {
      "border": [
        [
          [
            0.165,
            -0.183,
          ],
          [
            0.365,
            -0.183,
          ],
          [
            0.365,
            -0.104,
          ],
          [
            0.165,
            -0.104,
          ],
        ],
      ],
      "touchBorder": [
        [
          [
            0.165,
            -0.183,
          ],
          [
            0.365,
            -0.183,
          ],
          [
            0.365,
            -0.104,
          ],
          [
            0.165,
            -0.104,
          ],
        ],
      ],
    },
    "consectetur": {
      "border": [
        [
          [
            0.38,
            -0.183,
          ],
          [
            0.93,
            -0.183,
          ],
          [
            0.93,
            -0.104,
          ],
          [
            0.38,
            -0.104,
          ],
        ],
      ],
      "touchBorder": [
        [
          [
            0.38,
            -0.183,
          ],
          [
            0.93,
            -0.183,
          ],
          [
            0.93,
            -0.104,
          ],
          [
            0.38,
            -0.104,
          ],
        ],
      ],
    },
    "dolor": {
      "border": [
        [
          [
            0,
            -0.104,
          ],
          [
            0.25,
            -0.104,
          ],
          [
            0.25,
            -0.025,
          ],
          [
            0,
            -0.025,
          ],
        ],
      ],
      "touchBorder": [
        [
          [
            0,
            -0.104,
          ],
          [
            0.25,
            -0.104,
          ],
          [
            0.25,
            -0.025,
          ],
          [
            0,
            -0.025,
          ],
        ],
      ],
    },
    "ipsum": {
      "border": [
        [
          [
            0.265,
            -0.025,
          ],
          [
            0.515,
            -0.025,
          ],
          [
            0.515,
            0.075,
          ],
          [
            0.265,
            0.075,
          ],
        ],
      ],
      "touchBorder": [
        [
          [
            0.265,
            -0.025,
          ],
          [
            0.515,
            -0.025,
          ],
          [
            0.515,
            0.075,
          ],
          [
            0.265,
            0.075,
          ],
        ],
      ],
    },
    "sit": {
      "border": [
        [
          [
            0,
            -0.183,
          ],
          [
            0.15,
            -0.183,
          ],
          [
            0.15,
            -0.104,
          ],
          [
            0,
            -0.104,
          ],
        ],
      ],
      "touchBorder": [
        [
          [
            0,
            -0.183,
          ],
          [
            0.15,
            -0.183,
          ],
          [
            0.15,
            -0.104,
          ],
          [
            0,
            -0.104,
          ],
        ],
      ],
    },
  },
  "touchBorder": [
    [
      [
        0,
        -0.183,
      ],
      [
        0.93,
        -0.183,
      ],
      [
        0.93,
        0.075,
      ],
      [
        0,
        0.075,
      ],
    ],
  ],
}
`;

exports[`Collection: Equation - Lines Shape justify right 1`] = `
{
  "border": [
    [
      [
        0.415,
        -0.004,
      ],
      [
        0.665,
        -0.004,
      ],
      [
        0.665,
        0.075,
      ],
      [
        0.415,
        0.075,
      ],
    ],
    [
      [
        0.68,
        -0.025,
      ],
      [
        0.93,
        -0.025,
      ],
      [
        0.93,
        0.075,
      ],
      [
        0.68,
        0.075,
      ],
    ],
    [
      [
        0.68,
        -0.104,
      ],
      [
        0.93,
        -0.104,
      ],
      [
        0.93,
        -0.025,
      ],
      [
        0.68,
        -0.025,
      ],
    ],
    [
      [
        0,
        -0.183,
      ],
      [
        0.15,
        -0.183,
      ],
      [
        0.15,
        -0.104,
      ],
      [
        0,
        -0.104,
      ],
    ],
    [
      [
        0.165,
        -0.183,
      ],
      [
        0.365,
        -0.183,
      ],
      [
        0.365,
        -0.104,
      ],
      [
        0.165,
        -0.104,
      ],
    ],
    [
      [
        0.38,
        -0.183,
      ],
      [
        0.93,
        -0.183,
      ],
      [
        0.93,
        -0.104,
      ],
      [
        0.38,
        -0.104,
      ],
    ],
  ],
  "elements": {
    "Lorem": {
      "border": [
        [
          [
            0.415,
            -0.004,
          ],
          [
            0.665,
            -0.004,
          ],
          [
            0.665,
            0.075,
          ],
          [
            0.415,
            0.075,
          ],
        ],
      ],
      "touchBorder": [
        [
          [
            0.415,
            -0.004,
          ],
          [
            0.665,
            -0.004,
          ],
          [
            0.665,
            0.075,
          ],
          [
            0.415,
            0.075,
          ],
        ],
      ],
    },
    "amet": {
      "border": [
        [
          [
            0.165,
            -0.183,
          ],
          [
            0.365,
            -0.183,
          ],
          [
            0.365,
            -0.104,
          ],
          [
            0.165,
            -0.104,
          ],
        ],
      ],
      "touchBorder": [
        [
          [
            0.165,
            -0.183,
          ],
          [
            0.365,
            -0.183,
          ],
          [
            0.365,
            -0.104,
          ],
          [
            0.165,
            -0.104,
          ],
        ],
      ],
    },
    "consectetur": {
      "border": [
        [
          [
            0.38,
            -0.183,
          ],
          [
            0.93,
            -0.183,
          ],
          [
            0.93,
            -0.104,
          ],
          [
            0.38,
            -0.104,
          ],
        ],
      ],
      "touchBorder": [
        [
          [
            0.38,
            -0.183,
          ],
          [
            0.93,
            -0.183,
          ],
          [
            0.93,
            -0.104,
          ],
          [
            0.38,
            -0.104,
          ],
        ],
      ],
    },
    "dolor": {
      "border": [
        [
          [
            0.68,
            -0.104,
          ],
          [
            0.93,
            -0.104,
          ],
          [
            0.93,
            -0.025,
          ],
          [
            0.68,
            -0.025,
          ],
        ],
      ],
      "touchBorder": [
        [
          [
            0.68,
            -0.104,
          ],
          [
            0.93,
            -0.104,
          ],
          [
            0.93,
            -0.025,
          ],
          [
            0.68,
            -0.025,
          ],
        ],
      ],
    },
    "ipsum": {
      "border": [
        [
          [
            0.68,
            -0.025,
          ],
          [
            0.93,
            -0.025,
          ],
          [
            0.93,
            0.075,
          ],
          [
            0.68,
            0.075,
          ],
        ],
      ],
      "touchBorder": [
        [
          [
            0.68,
            -0.025,
          ],
          [
            0.93,
            -0.025,
          ],
          [
            0.93,
            0.075,
          ],
          [
            0.68,
            0.075,
          ],
        ],
      ],
    },
    "sit": {
      "border": [
        [
          [
            0,
            -0.183,
          ],
          [
            0.15,
            -0.183,
          ],
          [
            0.15,
            -0.104,
          ],
          [
            0,
            -0.104,
          ],
        ],
      ],
      "touchBorder": [
        [
          [
            0,
            -0.183,
          ],
          [
            0.15,
            -0.183,
          ],
          [
            0.15,
            -0.104,
          ],
          [
            0,
            -0.104,
          ],
        ],
      ],
    },
  },
  "touchBorder": [
    [
      [
        0,
        -0.183,
      ],
      [
        0.93,
        -0.183,
      ],
      [
        0.93,
        0.075,
      ],
      [
        0,
        0.075,
      ],
    ],
  ],
}
`;

exports[`Collection: Equation - Lines Shape object form 1`] = `
{
  "border": [
    [
      [
        0.208,
        -0.004,
      ],
      [
        0.458,
        -0.004,
      ],
      [
        0.458,
        0.075,
      ],
      [
        0.208,
        0.075,
      ],
    ],
    [
      [
        0.473,
        -0.025,
      ],
      [
        0.722,
        -0.025,
      ],
      [
        0.722,
        0.075,
      ],
      [
        0.473,
        0.075,
      ],
    ],
    [
      [
        0.34,
        -0.104,
      ],
      [
        0.59,
        -0.104,
      ],
      [
        0.59,
        -0.025,
      ],
      [
        0.34,
        -0.025,
      ],
    ],
    [
      [
        0,
        -0.183,
      ],
      [
        0.15,
        -0.183,
      ],
      [
        0.15,
        -0.104,
      ],
      [
        0,
        -0.104,
      ],
    ],
    [
      [
        0.165,
        -0.183,
      ],
      [
        0.365,
        -0.183,
      ],
      [
        0.365,
        -0.104,
      ],
      [
        0.165,
        -0.104,
      ],
    ],
    [
      [
        0.38,
        -0.183,
      ],
      [
        0.93,
        -0.183,
      ],
      [
        0.93,
        -0.104,
      ],
      [
        0.38,
        -0.104,
      ],
    ],
  ],
  "elements": {
    "Lorem": {
      "border": [
        [
          [
            0.208,
            -0.004,
          ],
          [
            0.458,
            -0.004,
          ],
          [
            0.458,
            0.075,
          ],
          [
            0.208,
            0.075,
          ],
        ],
      ],
      "touchBorder": [
        [
          [
            0.208,
            -0.004,
          ],
          [
            0.458,
            -0.004,
          ],
          [
            0.458,
            0.075,
          ],
          [
            0.208,
            0.075,
          ],
        ],
      ],
    },
    "amet": {
      "border": [
        [
          [
            0.165,
            -0.183,
          ],
          [
            0.365,
            -0.183,
          ],
          [
            0.365,
            -0.104,
          ],
          [
            0.165,
            -0.104,
          ],
        ],
      ],
      "touchBorder": [
        [
          [
            0.165,
            -0.183,
          ],
          [
            0.365,
            -0.183,
          ],
          [
            0.365,
            -0.104,
          ],
          [
            0.165,
            -0.104,
          ],
        ],
      ],
    },
    "consectetur": {
      "border": [
        [
          [
            0.38,
            -0.183,
          ],
          [
            0.93,
            -0.183,
          ],
          [
            0.93,
            -0.104,
          ],
          [
            0.38,
            -0.104,
          ],
        ],
      ],
      "touchBorder": [
        [
          [
            0.38,
            -0.183,
          ],
          [
            0.93,
            -0.183,
          ],
          [
            0.93,
            -0.104,
          ],
          [
            0.38,
            -0.104,
          ],
        ],
      ],
    },
    "dolor": {
      "border": [
        [
          [
            0.34,
            -0.104,
          ],
          [
            0.59,
            -0.104,
          ],
          [
            0.59,
            -0.025,
          ],
          [
            0.34,
            -0.025,
          ],
        ],
      ],
      "touchBorder": [
        [
          [
            0.34,
            -0.104,
          ],
          [
            0.59,
            -0.104,
          ],
          [
            0.59,
            -0.025,
          ],
          [
            0.34,
            -0.025,
          ],
        ],
      ],
    },
    "ipsum": {
      "border": [
        [
          [
            0.473,
            -0.025,
          ],
          [
            0.722,
            -0.025,
          ],
          [
            0.722,
            0.075,
          ],
          [
            0.473,
            0.075,
          ],
        ],
      ],
      "touchBorder": [
        [
          [
            0.473,
            -0.025,
          ],
          [
            0.722,
            -0.025,
          ],
          [
            0.722,
            0.075,
          ],
          [
            0.473,
            0.075,
          ],
        ],
      ],
    },
    "sit": {
      "border": [
        [
          [
            0,
            -0.183,
          ],
          [
            0.15,
            -0.183,
          ],
          [
            0.15,
            -0.104,
          ],
          [
            0,
            -0.104,
          ],
        ],
      ],
      "touchBorder": [
        [
          [
            0,
            -0.183,
          ],
          [
            0.15,
            -0.183,
          ],
          [
            0.15,
            -0.104,
          ],
          [
            0,
            -0.104,
          ],
        ],
      ],
    },
  },
  "touchBorder": [
    [
      [
        0,
        -0.183,
      ],
      [
        0.93,
        -0.183,
      ],
      [
        0.93,
        0.075,
      ],
      [
        0,
        0.075,
      ],
    ],
  ],
}
`;

exports[`Collection: Equation - Lines Shape offset negative 1`] = `
{
  "border": [
    [
      [
        0.1,
        -0.004,
      ],
      [
        0.35,
        -0.004,
      ],
      [
        0.35,
        0.075,
      ],
      [
        0.1,
        0.075,
      ],
    ],
    [
      [
        0.365,
        -0.025,
      ],
      [
        0.615,
        -0.025,
      ],
      [
        0.615,
        0.075,
      ],
      [
        0.365,
        0.075,
      ],
    ],
    [
      [
        0,
        -0.104,
      ],
      [
        0.25,
        -0.104,
      ],
      [
        0.25,
        -0.025,
      ],
      [
        0,
        -0.025,
      ],
    ],
    [
      [
        0.1,
        -0.183,
      ],
      [
        0.25,
        -0.183,
      ],
      [
        0.25,
        -0.104,
      ],
      [
        0.1,
        -0.104,
      ],
    ],
    [
      [
        0.265,
        -0.183,
      ],
      [
        0.465,
        -0.183,
      ],
      [
        0.465,
        -0.104,
      ],
      [
        0.265,
        -0.104,
      ],
    ],
    [
      [
        0.48,
        -0.183,
      ],
      [
        1.03,
        -0.183,
      ],
      [
        1.03,
        -0.104,
      ],
      [
        0.48,
        -0.104,
      ],
    ],
  ],
  "elements": {
    "Lorem": {
      "border": [
        [
          [
            0.1,
            -0.004,
          ],
          [
            0.35,
            -0.004,
          ],
          [
            0.35,
            0.075,
          ],
          [
            0.1,
            0.075,
          ],
        ],
      ],
      "touchBorder": [
        [
          [
            0.1,
            -0.004,
          ],
          [
            0.35,
            -0.004,
          ],
          [
            0.35,
            0.075,
          ],
          [
            0.1,
            0.075,
          ],
        ],
      ],
    },
    "amet": {
      "border": [
        [
          [
            0.265,
            -0.183,
          ],
          [
            0.465,
            -0.183,
          ],
          [
            0.465,
            -0.104,
          ],
          [
            0.265,
            -0.104,
          ],
        ],
      ],
      "touchBorder": [
        [
          [
            0.265,
            -0.183,
          ],
          [
            0.465,
            -0.183,
          ],
          [
            0.465,
            -0.104,
          ],
          [
            0.265,
            -0.104,
          ],
        ],
      ],
    },
    "consectetur": {
      "border": [
        [
          [
            0.48,
            -0.183,
          ],
          [
            1.03,
            -0.183,
          ],
          [
            1.03,
            -0.104,
          ],
          [
            0.48,
            -0.104,
          ],
        ],
      ],
      "touchBorder": [
        [
          [
            0.48,
            -0.183,
          ],
          [
            1.03,
            -0.183,
          ],
          [
            1.03,
            -0.104,
          ],
          [
            0.48,
            -0.104,
          ],
        ],
      ],
    },
    "dolor": {
      "border": [
        [
          [
            0,
            -0.104,
          ],
          [
            0.25,
            -0.104,
          ],
          [
            0.25,
            -0.025,
          ],
          [
            0,
            -0.025,
          ],
        ],
      ],
      "touchBorder": [
        [
          [
            0,
            -0.104,
          ],
          [
            0.25,
            -0.104,
          ],
          [
            0.25,
            -0.025,
          ],
          [
            0,
            -0.025,
          ],
        ],
      ],
    },
    "ipsum": {
      "border": [
        [
          [
            0.365,
            -0.025,
          ],
          [
            0.615,
            -0.025,
          ],
          [
            0.615,
            0.075,
          ],
          [
            0.365,
            0.075,
          ],
        ],
      ],
      "touchBorder": [
        [
          [
            0.365,
            -0.025,
          ],
          [
            0.615,
            -0.025,
          ],
          [
            0.615,
            0.075,
          ],
          [
            0.365,
            0.075,
          ],
        ],
      ],
    },
    "sit": {
      "border": [
        [
          [
            0.1,
            -0.183,
          ],
          [
            0.25,
            -0.183,
          ],
          [
            0.25,
            -0.104,
          ],
          [
            0.1,
            -0.104,
          ],
        ],
      ],
      "touchBorder": [
        [
          [
            0.1,
            -0.183,
          ],
          [
            0.25,
            -0.183,
          ],
          [
            0.25,
            -0.104,
          ],
          [
            0.1,
            -0.104,
          ],
        ],
      ],
    },
  },
  "touchBorder": [
    [
      [
        0,
        -0.183,
      ],
      [
        1.03,
        -0.183,
      ],
      [
        1.03,
        0.075,
      ],
      [
        0,
        0.075,
      ],
    ],
  ],
}
`;

exports[`Collection: Equation - Lines Shape offset positive 1`] = `
{
  "border": [
    [
      [
        0,
        -0.004,
      ],
      [
        0.25,
        -0.004,
      ],
      [
        0.25,
        0.075,
      ],
      [
        0,
        0.075,
      ],
    ],
    [
      [
        0.265,
        -0.025,
      ],
      [
        0.515,
        -0.025,
      ],
      [
        0.515,
        0.075,
      ],
      [
        0.265,
        0.075,
      ],
    ],
    [
      [
        0.1,
        -0.104,
      ],
      [
        0.35,
        -0.104,
      ],
      [
        0.35,
        -0.025,
      ],
      [
        0.1,
        -0.025,
      ],
    ],
    [
      [
        0,
        -0.183,
      ],
      [
        0.15,
        -0.183,
      ],
      [
        0.15,
        -0.104,
      ],
      [
        0,
        -0.104,
      ],
    ],
    [
      [
        0.165,
        -0.183,
      ],
      [
        0.365,
        -0.183,
      ],
      [
        0.365,
        -0.104,
      ],
      [
        0.165,
        -0.104,
      ],
    ],
    [
      [
        0.38,
        -0.183,
      ],
      [
        0.93,
        -0.183,
      ],
      [
        0.93,
        -0.104,
      ],
      [
        0.38,
        -0.104,
      ],
    ],
  ],
  "elements": {
    "Lorem": {
      "border": [
        [
          [
            0,
            -0.004,
          ],
          [
            0.25,
            -0.004,
          ],
          [
            0.25,
            0.075,
          ],
          [
            0,
            0.075,
          ],
        ],
      ],
      "touchBorder": [
        [
          [
            0,
            -0.004,
          ],
          [
            0.25,
            -0.004,
          ],
          [
            0.25,
            0.075,
          ],
          [
            0,
            0.075,
          ],
        ],
      ],
    },
    "amet": {
      "border": [
        [
          [
            0.165,
            -0.183,
          ],
          [
            0.365,
            -0.183,
          ],
          [
            0.365,
            -0.104,
          ],
          [
            0.165,
            -0.104,
          ],
        ],
      ],
      "touchBorder": [
        [
          [
            0.165,
            -0.183,
          ],
          [
            0.365,
            -0.183,
          ],
          [
            0.365,
            -0.104,
          ],
          [
            0.165,
            -0.104,
          ],
        ],
      ],
    },
    "consectetur": {
      "border": [
        [
          [
            0.38,
            -0.183,
          ],
          [
            0.93,
            -0.183,
          ],
          [
            0.93,
            -0.104,
          ],
          [
            0.38,
            -0.104,
          ],
        ],
      ],
      "touchBorder": [
        [
          [
            0.38,
            -0.183,
          ],
          [
            0.93,
            -0.183,
          ],
          [
            0.93,
            -0.104,
          ],
          [
            0.38,
            -0.104,
          ],
        ],
      ],
    },
    "dolor": {
      "border": [
        [
          [
            0.1,
            -0.104,
          ],
          [
            0.35,
            -0.104,
          ],
          [
            0.35,
            -0.025,
          ],
          [
            0.1,
            -0.025,
          ],
        ],
      ],
      "touchBorder": [
        [
          [
            0.1,
            -0.104,
          ],
          [
            0.35,
            -0.104,
          ],
          [
            0.35,
            -0.025,
          ],
          [
            0.1,
            -0.025,
          ],
        ],
      ],
    },
    "ipsum": {
      "border": [
        [
          [
            0.265,
            -0.025,
          ],
          [
            0.515,
            -0.025,
          ],
          [
            0.515,
            0.075,
          ],
          [
            0.265,
            0.075,
          ],
        ],
      ],
      "touchBorder": [
        [
          [
            0.265,
            -0.025,
          ],
          [
            0.515,
            -0.025,
          ],
          [
            0.515,
            0.075,
          ],
          [
            0.265,
            0.075,
          ],
        ],
      ],
    },
    "sit": {
      "border": [
        [
          [
            0,
            -0.183,
          ],
          [
            0.15,
            -0.183,
          ],
          [
            0.15,
            -0.104,
          ],
          [
            0,
            -0.104,
          ],
        ],
      ],
      "touchBorder": [
        [
          [
            0,
            -0.183,
          ],
          [
            0.15,
            -0.183,
          ],
          [
            0.15,
            -0.104,
          ],
          [
            0,
            -0.104,
          ],
        ],
      ],
    },
  },
  "touchBorder": [
    [
      [
        0,
        -0.183,
      ],
      [
        0.93,
        -0.183,
      ],
      [
        0.93,
        0.075,
      ],
      [
        0,
        0.075,
      ],
    ],
  ],
}
`;

exports[`Collection: Equation - Lines Shape yAlign: Bottom 1`] = `
{
  "border": [
    [
      [
        0.208,
        0.179,
      ],
      [
        0.458,
        0.179,
      ],
      [
        0.458,
        0.258,
      ],
      [
        0.208,
        0.258,
      ],
    ],
    [
      [
        0.473,
        0.158,
      ],
      [
        0.722,
        0.158,
      ],
      [
        0.722,
        0.258,
      ],
      [
        0.473,
        0.258,
      ],
    ],
    [
      [
        0.34,
        0.079,
      ],
      [
        0.59,
        0.079,
      ],
      [
        0.59,
        0.158,
      ],
      [
        0.34,
        0.158,
      ],
    ],
    [
      [
        0,
        0,
      ],
      [
        0.15,
        0,
      ],
      [
        0.15,
        0.079,
      ],
      [
        0,
        0.079,
      ],
    ],
    [
      [
        0.165,
        0,
      ],
      [
        0.365,
        0,
      ],
      [
        0.365,
        0.079,
      ],
      [
        0.165,
        0.079,
      ],
    ],
    [
      [
        0.38,
        0,
      ],
      [
        0.93,
        0,
      ],
      [
        0.93,
        0.079,
      ],
      [
        0.38,
        0.079,
      ],
    ],
  ],
  "elements": {
    "Lorem": {
      "border": [
        [
          [
            0.208,
            0.179,
          ],
          [
            0.458,
            0.179,
          ],
          [
            0.458,
            0.258,
          ],
          [
            0.208,
            0.258,
          ],
        ],
      ],
      "touchBorder": [
        [
          [
            0.208,
            0.179,
          ],
          [
            0.458,
            0.179,
          ],
          [
            0.458,
            0.258,
          ],
          [
            0.208,
            0.258,
          ],
        ],
      ],
    },
    "amet": {
      "border": [
        [
          [
            0.165,
            0,
          ],
          [
            0.365,
            0,
          ],
          [
            0.365,
            0.079,
          ],
          [
            0.165,
            0.079,
          ],
        ],
      ],
      "touchBorder": [
        [
          [
            0.165,
            0,
          ],
          [
            0.365,
            0,
          ],
          [
            0.365,
            0.079,
          ],
          [
            0.165,
            0.079,
          ],
        ],
      ],
    },
    "consectetur": {
      "border": [
        [
          [
            0.38,
            0,
          ],
          [
            0.93,
            0,
          ],
          [
            0.93,
            0.079,
          ],
          [
            0.38,
            0.079,
          ],
        ],
      ],
      "touchBorder": [
        [
          [
            0.38,
            0,
          ],
          [
            0.93,
            0,
          ],
          [
            0.93,
            0.079,
          ],
          [
            0.38,
            0.079,
          ],
        ],
      ],
    },
    "dolor": {
      "border": [
        [
          [
            0.34,
            0.079,
          ],
          [
            0.59,
            0.079,
          ],
          [
            0.59,
            0.158,
          ],
          [
            0.34,
            0.158,
          ],
        ],
      ],
      "touchBorder": [
        [
          [
            0.34,
            0.079,
          ],
          [
            0.59,
            0.079,
          ],
          [
            0.59,
            0.158,
          ],
          [
            0.34,
            0.158,
          ],
        ],
      ],
    },
    "ipsum": {
      "border": [
        [
          [
            0.473,
            0.158,
          ],
          [
            0.722,
            0.158,
          ],
          [
            0.722,
            0.258,
          ],
          [
            0.473,
            0.258,
          ],
        ],
      ],
      "touchBorder": [
        [
          [
            0.473,
            0.158,
          ],
          [
            0.722,
            0.158,
          ],
          [
            0.722,
            0.258,
          ],
          [
            0.473,
            0.258,
          ],
        ],
      ],
    },
    "sit": {
      "border": [
        [
          [
            0,
            0,
          ],
          [
            0.15,
            0,
          ],
          [
            0.15,
            0.079,
          ],
          [
            0,
            0.079,
          ],
        ],
      ],
      "touchBorder": [
        [
          [
            0,
            0,
          ],
          [
            0.15,
            0,
          ],
          [
            0.15,
            0.079,
          ],
          [
            0,
            0.079,
          ],
        ],
      ],
    },
  },
  "touchBorder": [
    [
      [
        0,
        0,
      ],
      [
        0.93,
        0,
      ],
      [
        0.93,
        0.258,
      ],
      [
        0,
        0.258,
      ],
    ],
  ],
}
`;

exports[`Collection: Equation - Lines Shape yAlign: Middle 1`] = `
{
  "border": [
    [
      [
        0.208,
        0.05,
      ],
      [
        0.458,
        0.05,
      ],
      [
        0.458,
        0.129,
      ],
      [
        0.208,
        0.129,
      ],
    ],
    [
      [
        0.473,
        0.029,
      ],
      [
        0.722,
        0.029,
      ],
      [
        0.722,
        0.129,
      ],
      [
        0.473,
        0.129,
      ],
    ],
    [
      [
        0.34,
        -0.05,
      ],
      [
        0.59,
        -0.05,
      ],
      [
        0.59,
        0.029,
      ],
      [
        0.34,
        0.029,
      ],
    ],
    [
      [
        0,
        -0.129,
      ],
      [
        0.15,
        -0.129,
      ],
      [
        0.15,
        -0.05,
      ],
      [
        0,
        -0.05,
      ],
    ],
    [
      [
        0.165,
        -0.129,
      ],
      [
        0.365,
        -0.129,
      ],
      [
        0.365,
        -0.05,
      ],
      [
        0.165,
        -0.05,
      ],
    ],
    [
      [
        0.38,
        -0.129,
      ],
      [
        0.93,
        -0.129,
      ],
      [
        0.93,
        -0.05,
      ],
      [
        0.38,
        -0.05,
      ],
    ],
  ],
  "elements": {
    "Lorem": {
      "border": [
        [
          [
            0.208,
            0.05,
          ],
          [
            0.458,
            0.05,
          ],
          [
            0.458,
            0.129,
          ],
          [
            0.208,
            0.129,
          ],
        ],
      ],
      "touchBorder": [
        [
          [
            0.208,
            0.05,
          ],
          [
            0.458,
            0.05,
          ],
          [
            0.458,
            0.129,
          ],
          [
            0.208,
            0.129,
          ],
        ],
      ],
    },
    "amet": {
      "border": [
        [
          [
            0.165,
            -0.129,
          ],
          [
            0.365,
            -0.129,
          ],
          [
            0.365,
            -0.05,
          ],
          [
            0.165,
            -0.05,
          ],
        ],
      ],
      "touchBorder": [
        [
          [
            0.165,
            -0.129,
          ],
          [
            0.365,
            -0.129,
          ],
          [
            0.365,
            -0.05,
          ],
          [
            0.165,
            -0.05,
          ],
        ],
      ],
    },
    "consectetur": {
      "border": [
        [
          [
            0.38,
            -0.129,
          ],
          [
            0.93,
            -0.129,
          ],
          [
            0.93,
            -0.05,
          ],
          [
            0.38,
            -0.05,
          ],
        ],
      ],
      "touchBorder": [
        [
          [
            0.38,
            -0.129,
          ],
          [
            0.93,
            -0.129,
          ],
          [
            0.93,
            -0.05,
          ],
          [
            0.38,
            -0.05,
          ],
        ],
      ],
    },
    "dolor": {
      "border": [
        [
          [
            0.34,
            -0.05,
          ],
          [
            0.59,
            -0.05,
          ],
          [
            0.59,
            0.029,
          ],
          [
            0.34,
            0.029,
          ],
        ],
      ],
      "touchBorder": [
        [
          [
            0.34,
            -0.05,
          ],
          [
            0.59,
            -0.05,
          ],
          [
            0.59,
            0.029,
          ],
          [
            0.34,
            0.029,
          ],
        ],
      ],
    },
    "ipsum": {
      "border": [
        [
          [
            0.473,
            0.029,
          ],
          [
            0.722,
            0.029,
          ],
          [
            0.722,
            0.129,
          ],
          [
            0.473,
            0.129,
          ],
        ],
      ],
      "touchBorder": [
        [
          [
            0.473,
            0.029,
          ],
          [
            0.722,
            0.029,
          ],
          [
            0.722,
            0.129,
          ],
          [
            0.473,
            0.129,
          ],
        ],
      ],
    },
    "sit": {
      "border": [
        [
          [
            0,
            -0.129,
          ],
          [
            0.15,
            -0.129,
          ],
          [
            0.15,
            -0.05,
          ],
          [
            0,
            -0.05,
          ],
        ],
      ],
      "touchBorder": [
        [
          [
            0,
            -0.129,
          ],
          [
            0.15,
            -0.129,
          ],
          [
            0.15,
            -0.05,
          ],
          [
            0,
            -0.05,
          ],
        ],
      ],
    },
  },
  "touchBorder": [
    [
      [
        0,
        -0.129,
      ],
      [
        0.93,
        -0.129,
      ],
      [
        0.93,
        0.129,
      ],
      [
        0,
        0.129,
      ],
    ],
  ],
}
`;

exports[`Collection: Equation - Lines Shape yAlign: Top 1`] = `
{
  "border": [
    [
      [
        0.208,
        -0.079,
      ],
      [
        0.458,
        -0.079,
      ],
      [
        0.458,
        0,
      ],
      [
        0.208,
        0,
      ],
    ],
    [
      [
        0.473,
        -0.1,
      ],
      [
        0.722,
        -0.1,
      ],
      [
        0.722,
        0,
      ],
      [
        0.473,
        0,
      ],
    ],
    [
      [
        0.34,
        -0.179,
      ],
      [
        0.59,
        -0.179,
      ],
      [
        0.59,
        -0.1,
      ],
      [
        0.34,
        -0.1,
      ],
    ],
    [
      [
        0,
        -0.258,
      ],
      [
        0.15,
        -0.258,
      ],
      [
        0.15,
        -0.179,
      ],
      [
        0,
        -0.179,
      ],
    ],
    [
      [
        0.165,
        -0.258,
      ],
      [
        0.365,
        -0.258,
      ],
      [
        0.365,
        -0.179,
      ],
      [
        0.165,
        -0.179,
      ],
    ],
    [
      [
        0.38,
        -0.258,
      ],
      [
        0.93,
        -0.258,
      ],
      [
        0.93,
        -0.179,
      ],
      [
        0.38,
        -0.179,
      ],
    ],
  ],
  "elements": {
    "Lorem": {
      "border": [
        [
          [
            0.208,
            -0.079,
          ],
          [
            0.458,
            -0.079,
          ],
          [
            0.458,
            0,
          ],
          [
            0.208,
            0,
          ],
        ],
      ],
      "touchBorder": [
        [
          [
            0.208,
            -0.079,
          ],
          [
            0.458,
            -0.079,
          ],
          [
            0.458,
            0,
          ],
          [
            0.208,
            0,
          ],
        ],
      ],
    },
    "amet": {
      "border": [
        [
          [
            0.165,
            -0.258,
          ],
          [
            0.365,
            -0.258,
          ],
          [
            0.365,
            -0.179,
          ],
          [
            0.165,
            -0.179,
          ],
        ],
      ],
      "touchBorder": [
        [
          [
            0.165,
            -0.258,
          ],
          [
            0.365,
            -0.258,
          ],
          [
            0.365,
            -0.179,
          ],
          [
            0.165,
            -0.179,
          ],
        ],
      ],
    },
    "consectetur": {
      "border": [
        [
          [
            0.38,
            -0.258,
          ],
          [
            0.93,
            -0.258,
          ],
          [
            0.93,
            -0.179,
          ],
          [
            0.38,
            -0.179,
          ],
        ],
      ],
      "touchBorder": [
        [
          [
            0.38,
            -0.258,
          ],
          [
            0.93,
            -0.258,
          ],
          [
            0.93,
            -0.179,
          ],
          [
            0.38,
            -0.179,
          ],
        ],
      ],
    },
    "dolor": {
      "border": [
        [
          [
            0.34,
            -0.179,
          ],
          [
            0.59,
            -0.179,
          ],
          [
            0.59,
            -0.1,
          ],
          [
            0.34,
            -0.1,
          ],
        ],
      ],
      "touchBorder": [
        [
          [
            0.34,
            -0.179,
          ],
          [
            0.59,
            -0.179,
          ],
          [
            0.59,
            -0.1,
          ],
          [
            0.34,
            -0.1,
          ],
        ],
      ],
    },
    "ipsum": {
      "border": [
        [
          [
            0.473,
            -0.1,
          ],
          [
            0.722,
            -0.1,
          ],
          [
            0.722,
            0,
          ],
          [
            0.473,
            0,
          ],
        ],
      ],
      "touchBorder": [
        [
          [
            0.473,
            -0.1,
          ],
          [
            0.722,
            -0.1,
          ],
          [
            0.722,
            0,
          ],
          [
            0.473,
            0,
          ],
        ],
      ],
    },
    "sit": {
      "border": [
        [
          [
            0,
            -0.258,
          ],
          [
            0.15,
            -0.258,
          ],
          [
            0.15,
            -0.179,
          ],
          [
            0,
            -0.179,
          ],
        ],
      ],
      "touchBorder": [
        [
          [
            0,
            -0.258,
          ],
          [
            0.15,
            -0.258,
          ],
          [
            0.15,
            -0.179,
          ],
          [
            0,
            -0.179,
          ],
        ],
      ],
    },
  },
  "touchBorder": [
    [
      [
        0,
        -0.258,
      ],
      [
        0.93,
        -0.258,
      ],
      [
        0.93,
        0,
      ],
      [
        0,
        0,
      ],
    ],
  ],
}
`;

exports[`Collection: Equation - Lines Shape yAlign: line 0 1`] = `
{
  "border": [
    [
      [
        0.208,
        -0.004,
      ],
      [
        0.458,
        -0.004,
      ],
      [
        0.458,
        0.075,
      ],
      [
        0.208,
        0.075,
      ],
    ],
    [
      [
        0.473,
        -0.025,
      ],
      [
        0.722,
        -0.025,
      ],
      [
        0.722,
        0.075,
      ],
      [
        0.473,
        0.075,
      ],
    ],
    [
      [
        0.34,
        -0.104,
      ],
      [
        0.59,
        -0.104,
      ],
      [
        0.59,
        -0.025,
      ],
      [
        0.34,
        -0.025,
      ],
    ],
    [
      [
        0,
        -0.183,
      ],
      [
        0.15,
        -0.183,
      ],
      [
        0.15,
        -0.104,
      ],
      [
        0,
        -0.104,
      ],
    ],
    [
      [
        0.165,
        -0.183,
      ],
      [
        0.365,
        -0.183,
      ],
      [
        0.365,
        -0.104,
      ],
      [
        0.165,
        -0.104,
      ],
    ],
    [
      [
        0.38,
        -0.183,
      ],
      [
        0.93,
        -0.183,
      ],
      [
        0.93,
        -0.104,
      ],
      [
        0.38,
        -0.104,
      ],
    ],
  ],
  "elements": {
    "Lorem": {
      "border": [
        [
          [
            0.208,
            -0.004,
          ],
          [
            0.458,
            -0.004,
          ],
          [
            0.458,
            0.075,
          ],
          [
            0.208,
            0.075,
          ],
        ],
      ],
      "touchBorder": [
        [
          [
            0.208,
            -0.004,
          ],
          [
            0.458,
            -0.004,
          ],
          [
            0.458,
            0.075,
          ],
          [
            0.208,
            0.075,
          ],
        ],
      ],
    },
    "amet": {
      "border": [
        [
          [
            0.165,
            -0.183,
          ],
          [
            0.365,
            -0.183,
          ],
          [
            0.365,
            -0.104,
          ],
          [
            0.165,
            -0.104,
          ],
        ],
      ],
      "touchBorder": [
        [
          [
            0.165,
            -0.183,
          ],
          [
            0.365,
            -0.183,
          ],
          [
            0.365,
            -0.104,
          ],
          [
            0.165,
            -0.104,
          ],
        ],
      ],
    },
    "consectetur": {
      "border": [
        [
          [
            0.38,
            -0.183,
          ],
          [
            0.93,
            -0.183,
          ],
          [
            0.93,
            -0.104,
          ],
          [
            0.38,
            -0.104,
          ],
        ],
      ],
      "touchBorder": [
        [
          [
            0.38,
            -0.183,
          ],
          [
            0.93,
            -0.183,
          ],
          [
            0.93,
            -0.104,
          ],
          [
            0.38,
            -0.104,
          ],
        ],
      ],
    },
    "dolor": {
      "border": [
        [
          [
            0.34,
            -0.104,
          ],
          [
            0.59,
            -0.104,
          ],
          [
            0.59,
            -0.025,
          ],
          [
            0.34,
            -0.025,
          ],
        ],
      ],
      "touchBorder": [
        [
          [
            0.34,
            -0.104,
          ],
          [
            0.59,
            -0.104,
          ],
          [
            0.59,
            -0.025,
          ],
          [
            0.34,
            -0.025,
          ],
        ],
      ],
    },
    "ipsum": {
      "border": [
        [
          [
            0.473,
            -0.025,
          ],
          [
            0.722,
            -0.025,
          ],
          [
            0.722,
            0.075,
          ],
          [
            0.473,
            0.075,
          ],
        ],
      ],
      "touchBorder": [
        [
          [
            0.473,
            -0.025,
          ],
          [
            0.722,
            -0.025,
          ],
          [
            0.722,
            0.075,
          ],
          [
            0.473,
            0.075,
          ],
        ],
      ],
    },
    "sit": {
      "border": [
        [
          [
            0,
            -0.183,
          ],
          [
            0.15,
            -0.183,
          ],
          [
            0.15,
            -0.104,
          ],
          [
            0,
            -0.104,
          ],
        ],
      ],
      "touchBorder": [
        [
          [
            0,
            -0.183,
          ],
          [
            0.15,
            -0.183,
          ],
          [
            0.15,
            -0.104,
          ],
          [
            0,
            -0.104,
          ],
        ],
      ],
    },
  },
  "touchBorder": [
    [
      [
        0,
        -0.183,
      ],
      [
        0.93,
        -0.183,
      ],
      [
        0.93,
        0.075,
      ],
      [
        0,
        0.075,
      ],
    ],
  ],
}
`;

exports[`Collection: Equation - Lines Shape yAlign: line 1 1`] = `
{
  "border": [
    [
      [
        0.208,
        0.096,
      ],
      [
        0.458,
        0.096,
      ],
      [
        0.458,
        0.175,
      ],
      [
        0.208,
        0.175,
      ],
    ],
    [
      [
        0.473,
        0.075,
      ],
      [
        0.722,
        0.075,
      ],
      [
        0.722,
        0.175,
      ],
      [
        0.473,
        0.175,
      ],
    ],
    [
      [
        0.34,
        -0.004,
      ],
      [
        0.59,
        -0.004,
      ],
      [
        0.59,
        0.075,
      ],
      [
        0.34,
        0.075,
      ],
    ],
    [
      [
        0,
        -0.083,
      ],
      [
        0.15,
        -0.083,
      ],
      [
        0.15,
        -0.004,
      ],
      [
        0,
        -0.004,
      ],
    ],
    [
      [
        0.165,
        -0.083,
      ],
      [
        0.365,
        -0.083,
      ],
      [
        0.365,
        -0.004,
      ],
      [
        0.165,
        -0.004,
      ],
    ],
    [
      [
        0.38,
        -0.083,
      ],
      [
        0.93,
        -0.083,
      ],
      [
        0.93,
        -0.004,
      ],
      [
        0.38,
        -0.004,
      ],
    ],
  ],
  "elements": {
    "Lorem": {
      "border": [
        [
          [
            0.208,
            0.096,
          ],
          [
            0.458,
            0.096,
          ],
          [
            0.458,
            0.175,
          ],
          [
            0.208,
            0.175,
          ],
        ],
      ],
      "touchBorder": [
        [
          [
            0.208,
            0.096,
          ],
          [
            0.458,
            0.096,
          ],
          [
            0.458,
            0.175,
          ],
          [
            0.208,
            0.175,
          ],
        ],
      ],
    },
    "amet": {
      "border": [
        [
          [
            0.165,
            -0.083,
          ],
          [
            0.365,
            -0.083,
          ],
          [
            0.365,
            -0.004,
          ],
          [
            0.165,
            -0.004,
          ],
        ],
      ],
      "touchBorder": [
        [
          [
            0.165,
            -0.083,
          ],
          [
            0.365,
            -0.083,
          ],
          [
            0.365,
            -0.004,
          ],
          [
            0.165,
            -0.004,
          ],
        ],
      ],
    },
    "consectetur": {
      "border": [
        [
          [
            0.38,
            -0.083,
          ],
          [
            0.93,
            -0.083,
          ],
          [
            0.93,
            -0.004,
          ],
          [
            0.38,
            -0.004,
          ],
        ],
      ],
      "touchBorder": [
        [
          [
            0.38,
            -0.083,
          ],
          [
            0.93,
            -0.083,
          ],
          [
            0.93,
            -0.004,
          ],
          [
            0.38,
            -0.004,
          ],
        ],
      ],
    },
    "dolor": {
      "border": [
        [
          [
            0.34,
            -0.004,
          ],
          [
            0.59,
            -0.004,
          ],
          [
            0.59,
            0.075,
          ],
          [
            0.34,
            0.075,
          ],
        ],
      ],
      "touchBorder": [
        [
          [
            0.34,
            -0.004,
          ],
          [
            0.59,
            -0.004,
          ],
          [
            0.59,
            0.075,
          ],
          [
            0.34,
            0.075,
          ],
        ],
      ],
    },
    "ipsum": {
      "border": [
        [
          [
            0.473,
            0.075,
          ],
          [
            0.722,
            0.075,
          ],
          [
            0.722,
            0.175,
          ],
          [
            0.473,
            0.175,
          ],
        ],
      ],
      "touchBorder": [
        [
          [
            0.473,
            0.075,
          ],
          [
            0.722,
            0.075,
          ],
          [
            0.722,
            0.175,
          ],
          [
            0.473,
            0.175,
          ],
        ],
      ],
    },
    "sit": {
      "border": [
        [
          [
            0,
            -0.083,
          ],
          [
            0.15,
            -0.083,
          ],
          [
            0.15,
            -0.004,
          ],
          [
            0,
            -0.004,
          ],
        ],
      ],
      "touchBorder": [
        [
          [
            0,
            -0.083,
          ],
          [
            0.15,
            -0.083,
          ],
          [
            0.15,
            -0.004,
          ],
          [
            0,
            -0.004,
          ],
        ],
      ],
    },
  },
  "touchBorder": [
    [
      [
        0,
        -0.083,
      ],
      [
        0.93,
        -0.083,
      ],
      [
        0.93,
        0.175,
      ],
      [
        0,
        0.175,
      ],
    ],
  ],
}
`;

exports[`Collection: Equation - Lines Shape yAlign: line 2 1`] = `
{
  "border": [
    [
      [
        0.208,
        0.175,
      ],
      [
        0.458,
        0.175,
      ],
      [
        0.458,
        0.254,
      ],
      [
        0.208,
        0.254,
      ],
    ],
    [
      [
        0.473,
        0.154,
      ],
      [
        0.722,
        0.154,
      ],
      [
        0.722,
        0.254,
      ],
      [
        0.473,
        0.254,
      ],
    ],
    [
      [
        0.34,
        0.075,
      ],
      [
        0.59,
        0.075,
      ],
      [
        0.59,
        0.154,
      ],
      [
        0.34,
        0.154,
      ],
    ],
    [
      [
        0,
        -0.004,
      ],
      [
        0.15,
        -0.004,
      ],
      [
        0.15,
        0.075,
      ],
      [
        0,
        0.075,
      ],
    ],
    [
      [
        0.165,
        -0.004,
      ],
      [
        0.365,
        -0.004,
      ],
      [
        0.365,
        0.075,
      ],
      [
        0.165,
        0.075,
      ],
    ],
    [
      [
        0.38,
        -0.004,
      ],
      [
        0.93,
        -0.004,
      ],
      [
        0.93,
        0.075,
      ],
      [
        0.38,
        0.075,
      ],
    ],
  ],
  "elements": {
    "Lorem": {
      "border": [
        [
          [
            0.208,
            0.175,
          ],
          [
            0.458,
            0.175,
          ],
          [
            0.458,
            0.254,
          ],
          [
            0.208,
            0.254,
          ],
        ],
      ],
      "touchBorder": [
        [
          [
            0.208,
            0.175,
          ],
          [
            0.458,
            0.175,
          ],
          [
            0.458,
            0.254,
          ],
          [
            0.208,
            0.254,
          ],
        ],
      ],
    },
    "amet": {
      "border": [
        [
          [
            0.165,
            -0.004,
          ],
          [
            0.365,
            -0.004,
          ],
          [
            0.365,
            0.075,
          ],
          [
            0.165,
            0.075,
          ],
        ],
      ],
      "touchBorder": [
        [
          [
            0.165,
            -0.004,
          ],
          [
            0.365,
            -0.004,
          ],
          [
            0.365,
            0.075,
          ],
          [
            0.165,
            0.075,
          ],
        ],
      ],
    },
    "consectetur": {
      "border": [
        [
          [
            0.38,
            -0.004,
          ],
          [
            0.93,
            -0.004,
          ],
          [
            0.93,
            0.075,
          ],
          [
            0.38,
            0.075,
          ],
        ],
      ],
      "touchBorder": [
        [
          [
            0.38,
            -0.004,
          ],
          [
            0.93,
            -0.004,
          ],
          [
            0.93,
            0.075,
          ],
          [
            0.38,
            0.075,
          ],
        ],
      ],
    },
    "dolor": {
      "border": [
        [
          [
            0.34,
            0.075,
          ],
          [
            0.59,
            0.075,
          ],
          [
            0.59,
            0.154,
          ],
          [
            0.34,
            0.154,
          ],
        ],
      ],
      "touchBorder": [
        [
          [
            0.34,
            0.075,
          ],
          [
            0.59,
            0.075,
          ],
          [
            0.59,
            0.154,
          ],
          [
            0.34,
            0.154,
          ],
        ],
      ],
    },
    "ipsum": {
      "border": [
        [
          [
            0.473,
            0.154,
          ],
          [
            0.722,
            0.154,
          ],
          [
            0.722,
            0.254,
          ],
          [
            0.473,
            0.254,
          ],
        ],
      ],
      "touchBorder": [
        [
          [
            0.473,
            0.154,
          ],
          [
            0.722,
            0.154,
          ],
          [
            0.722,
            0.254,
          ],
          [
            0.473,
            0.254,
          ],
        ],
      ],
    },
    "sit": {
      "border": [
        [
          [
            0,
            -0.004,
          ],
          [
            0.15,
            -0.004,
          ],
          [
            0.15,
            0.075,
          ],
          [
            0,
            0.075,
          ],
        ],
      ],
      "touchBorder": [
        [
          [
            0,
            -0.004,
          ],
          [
            0.15,
            -0.004,
          ],
          [
            0.15,
            0.075,
          ],
          [
            0,
            0.075,
          ],
        ],
      ],
    },
  },
  "touchBorder": [
    [
      [
        0,
        -0.004,
      ],
      [
        0.93,
        -0.004,
      ],
      [
        0.93,
        0.254,
      ],
      [
        0,
        0.254,
      ],
    ],
  ],
}
`;
