// Jest Snapshot v1, https://goo.gl/fbAQLP

exports[`Collection: Angle - Animations Shape gotToForm-single 1`] = `
Object {
  "border": Array [
    Array [
      Array [
        -0.3,
        -0.004,
      ],
      Array [
        -0.25,
        -0.004,
      ],
      Array [
        -0.25,
        0.048,
      ],
      Array [
        -0.3,
        0.048,
      ],
    ],
    Array [
      Array [
        -0.25,
        -0.004,
      ],
      Array [
        -0.1,
        -0.004,
      ],
      Array [
        -0.1,
        0.07,
      ],
      Array [
        -0.25,
        0.07,
      ],
    ],
    Array [
      Array [
        -0.1,
        -0.004,
      ],
      Array [
        -0.05,
        -0.004,
      ],
      Array [
        -0.05,
        0.07,
      ],
      Array [
        -0.1,
        0.07,
      ],
    ],
    Array [
      Array [
        -0.05,
        -0.004,
      ],
      Array [
        0.1,
        -0.004,
      ],
      Array [
        0.1,
        0.07,
      ],
      Array [
        -0.05,
        0.07,
      ],
    ],
    Array [
      Array [
        0.1,
        -0.004,
      ],
      Array [
        0.15,
        -0.004,
      ],
      Array [
        0.15,
        0.048,
      ],
      Array [
        0.1,
        0.048,
      ],
    ],
  ],
  "elements": Object {
    "_ + ": Object {
      "border": Array [
        Array [
          Array [
            -0.275,
            -0.004,
          ],
          Array [
            -0.125,
            -0.004,
          ],
          Array [
            -0.125,
            0.07,
          ],
          Array [
            -0.275,
            0.07,
          ],
        ],
      ],
      "touchBorder": Array [
        Array [
          Array [
            -0.275,
            -0.004,
          ],
          Array [
            -0.125,
            -0.004,
          ],
          Array [
            -0.125,
            0.07,
          ],
          Array [
            -0.275,
            0.07,
          ],
        ],
      ],
    },
    "_ - ": Object {
      "border": Array [
        Array [
          Array [
            -0.175,
            -0.004,
          ],
          Array [
            -0.025,
            -0.004,
          ],
          Array [
            -0.025,
            0.07,
          ],
          Array [
            -0.175,
            0.07,
          ],
        ],
      ],
      "touchBorder": Array [
        Array [
          Array [
            -0.175,
            -0.004,
          ],
          Array [
            -0.025,
            -0.004,
          ],
          Array [
            -0.025,
            0.07,
          ],
          Array [
            -0.175,
            0.07,
          ],
        ],
      ],
    },
    "a": Object {
      "border": Array [
        Array [
          Array [
            -0.3,
            -0.004,
          ],
          Array [
            -0.25,
            -0.004,
          ],
          Array [
            -0.25,
            0.048,
          ],
          Array [
            -0.3,
            0.048,
          ],
        ],
      ],
      "touchBorder": Array [
        Array [
          Array [
            -0.3,
            -0.004,
          ],
          Array [
            -0.25,
            -0.004,
          ],
          Array [
            -0.25,
            0.048,
          ],
          Array [
            -0.3,
            0.048,
          ],
        ],
      ],
    },
    "b": Object {
      "border": Array [
        Array [
          Array [
            -0.2,
            -0.004,
          ],
          Array [
            -0.15,
            -0.004,
          ],
          Array [
            -0.15,
            0.07,
          ],
          Array [
            -0.2,
            0.07,
          ],
        ],
      ],
      "touchBorder": Array [
        Array [
          Array [
            -0.2,
            -0.004,
          ],
          Array [
            -0.15,
            -0.004,
          ],
          Array [
            -0.15,
            0.07,
          ],
          Array [
            -0.2,
            0.07,
          ],
        ],
      ],
    },
    "c": Object {
      "border": Array [
        Array [
          Array [
            -0.1,
            -0.004,
          ],
          Array [
            -0.05,
            -0.004,
          ],
          Array [
            -0.05,
            0.048,
          ],
          Array [
            -0.1,
            0.048,
          ],
        ],
      ],
      "touchBorder": Array [
        Array [
          Array [
            -0.1,
            -0.004,
          ],
          Array [
            -0.05,
            -0.004,
          ],
          Array [
            -0.05,
            0.048,
          ],
          Array [
            -0.1,
            0.048,
          ],
        ],
      ],
    },
  },
  "touchBorder": Array [
    Array [
      Array [
        -0.3,
        -0.004,
      ],
      Array [
        0.15,
        -0.004,
      ],
      Array [
        0.15,
        0.07,
      ],
      Array [
        -0.3,
        0.07,
      ],
    ],
  ],
}
`;

exports[`Collection: Angle - Animations Shape nextForm-multi 1`] = `
Object {
  "border": Array [
    Array [
      Array [
        -0.3,
        -0.004,
      ],
      Array [
        -0.25,
        -0.004,
      ],
      Array [
        -0.25,
        0.048,
      ],
      Array [
        -0.3,
        0.048,
      ],
    ],
    Array [
      Array [
        -0.25,
        -0.004,
      ],
      Array [
        -0.05,
        -0.004,
      ],
      Array [
        -0.05,
        0.07,
      ],
      Array [
        -0.25,
        0.07,
      ],
    ],
    Array [
      Array [
        -0.05,
        -0.004,
      ],
      Array [
        0.15,
        -0.004,
      ],
      Array [
        0.15,
        0.07,
      ],
      Array [
        -0.05,
        0.07,
      ],
    ],
    Array [
      Array [
        0.15,
        -0.004,
      ],
      Array [
        0.35,
        -0.004,
      ],
      Array [
        0.35,
        0.07,
      ],
      Array [
        0.15,
        0.07,
      ],
    ],
    Array [
      Array [
        0.35,
        -0.004,
      ],
      Array [
        0.55,
        -0.004,
      ],
      Array [
        0.55,
        0.07,
      ],
      Array [
        0.35,
        0.07,
      ],
    ],
    Array [
      Array [
        0.55,
        -0.025,
      ],
      Array [
        0.75,
        -0.025,
      ],
      Array [
        0.75,
        0.07,
      ],
      Array [
        0.55,
        0.07,
      ],
    ],
  ],
  "elements": Object {
    "_ + b": Object {
      "border": Array [
        Array [
          Array [
            -0.275,
            -0.004,
          ],
          Array [
            -0.075,
            -0.004,
          ],
          Array [
            -0.075,
            0.07,
          ],
          Array [
            -0.275,
            0.07,
          ],
        ],
      ],
      "touchBorder": Array [
        Array [
          Array [
            -0.275,
            -0.004,
          ],
          Array [
            -0.075,
            -0.004,
          ],
          Array [
            -0.075,
            0.07,
          ],
          Array [
            -0.275,
            0.07,
          ],
        ],
      ],
    },
    "_ + d": Object {
      "border": Array [
        Array [
          Array [
            -0.075,
            -0.004,
          ],
          Array [
            0.125,
            -0.004,
          ],
          Array [
            0.125,
            0.07,
          ],
          Array [
            -0.075,
            0.07,
          ],
        ],
      ],
      "touchBorder": Array [
        Array [
          Array [
            -0.075,
            -0.004,
          ],
          Array [
            0.125,
            -0.004,
          ],
          Array [
            0.125,
            0.07,
          ],
          Array [
            -0.075,
            0.07,
          ],
        ],
      ],
    },
    "_ + f": Object {
      "border": Array [
        Array [
          Array [
            0.125,
            -0.025,
          ],
          Array [
            0.325,
            -0.025,
          ],
          Array [
            0.325,
            0.07,
          ],
          Array [
            0.125,
            0.07,
          ],
        ],
      ],
      "touchBorder": Array [
        Array [
          Array [
            0.125,
            -0.025,
          ],
          Array [
            0.325,
            -0.025,
          ],
          Array [
            0.325,
            0.07,
          ],
          Array [
            0.125,
            0.07,
          ],
        ],
      ],
    },
    "_ - c": Object {
      "border": Array [
        Array [
          Array [
            -0.175,
            -0.004,
          ],
          Array [
            0.025,
            -0.004,
          ],
          Array [
            0.025,
            0.07,
          ],
          Array [
            -0.175,
            0.07,
          ],
        ],
      ],
      "touchBorder": Array [
        Array [
          Array [
            -0.175,
            -0.004,
          ],
          Array [
            0.025,
            -0.004,
          ],
          Array [
            0.025,
            0.07,
          ],
          Array [
            -0.175,
            0.07,
          ],
        ],
      ],
    },
    "_ - e": Object {
      "border": Array [
        Array [
          Array [
            0.025,
            -0.004,
          ],
          Array [
            0.225,
            -0.004,
          ],
          Array [
            0.225,
            0.07,
          ],
          Array [
            0.025,
            0.07,
          ],
        ],
      ],
      "touchBorder": Array [
        Array [
          Array [
            0.025,
            -0.004,
          ],
          Array [
            0.225,
            -0.004,
          ],
          Array [
            0.225,
            0.07,
          ],
          Array [
            0.025,
            0.07,
          ],
        ],
      ],
    },
    "a": Object {
      "border": Array [
        Array [
          Array [
            -0.3,
            -0.004,
          ],
          Array [
            -0.25,
            -0.004,
          ],
          Array [
            -0.25,
            0.048,
          ],
          Array [
            -0.3,
            0.048,
          ],
        ],
      ],
      "touchBorder": Array [
        Array [
          Array [
            -0.3,
            -0.004,
          ],
          Array [
            -0.25,
            -0.004,
          ],
          Array [
            -0.25,
            0.048,
          ],
          Array [
            -0.3,
            0.048,
          ],
        ],
      ],
    },
  },
  "touchBorder": Array [
    Array [
      Array [
        -0.3,
        -0.025,
      ],
      Array [
        0.75,
        -0.025,
      ],
      Array [
        0.75,
        0.07,
      ],
      Array [
        -0.3,
        0.07,
      ],
    ],
  ],
}
`;

exports[`Collection: Angle - Animations Shape translation-1 1`] = `
Object {
  "border": Array [
    Array [
      Array [
        0,
        -0.004,
      ],
      Array [
        0.05,
        -0.004,
      ],
      Array [
        0.05,
        0.048,
      ],
      Array [
        0,
        0.048,
      ],
    ],
    Array [
      Array [
        0.05,
        -0.004,
      ],
      Array [
        0.25,
        -0.004,
      ],
      Array [
        0.25,
        0.07,
      ],
      Array [
        0.05,
        0.07,
      ],
    ],
    Array [
      Array [
        0.25,
        -0.004,
      ],
      Array [
        0.45,
        -0.004,
      ],
      Array [
        0.45,
        0.07,
      ],
      Array [
        0.25,
        0.07,
      ],
    ],
    Array [
      Array [
        0.45,
        -0.004,
      ],
      Array [
        0.65,
        -0.004,
      ],
      Array [
        0.65,
        0.07,
      ],
      Array [
        0.45,
        0.07,
      ],
    ],
    Array [
      Array [
        0.65,
        -0.004,
      ],
      Array [
        0.85,
        -0.004,
      ],
      Array [
        0.85,
        0.07,
      ],
      Array [
        0.65,
        0.07,
      ],
    ],
    Array [
      Array [
        0.85,
        -0.025,
      ],
      Array [
        1.05,
        -0.025,
      ],
      Array [
        1.05,
        0.07,
      ],
      Array [
        0.85,
        0.07,
      ],
    ],
  ],
  "elements": Object {
    "_ + b": Object {
      "border": Array [
        Array [
          Array [
            0.025,
            -0.004,
          ],
          Array [
            0.225,
            -0.004,
          ],
          Array [
            0.225,
            0.07,
          ],
          Array [
            0.025,
            0.07,
          ],
        ],
      ],
      "touchBorder": Array [
        Array [
          Array [
            0.025,
            -0.004,
          ],
          Array [
            0.225,
            -0.004,
          ],
          Array [
            0.225,
            0.07,
          ],
          Array [
            0.025,
            0.07,
          ],
        ],
      ],
    },
    "_ + d": Object {
      "border": Array [
        Array [
          Array [
            0.225,
            -0.004,
          ],
          Array [
            0.425,
            -0.004,
          ],
          Array [
            0.425,
            0.07,
          ],
          Array [
            0.225,
            0.07,
          ],
        ],
      ],
      "touchBorder": Array [
        Array [
          Array [
            0.225,
            -0.004,
          ],
          Array [
            0.425,
            -0.004,
          ],
          Array [
            0.425,
            0.07,
          ],
          Array [
            0.225,
            0.07,
          ],
        ],
      ],
    },
    "_ + f": Object {
      "border": Array [
        Array [
          Array [
            0.425,
            -0.025,
          ],
          Array [
            0.625,
            -0.025,
          ],
          Array [
            0.625,
            0.07,
          ],
          Array [
            0.425,
            0.07,
          ],
        ],
      ],
      "touchBorder": Array [
        Array [
          Array [
            0.425,
            -0.025,
          ],
          Array [
            0.625,
            -0.025,
          ],
          Array [
            0.625,
            0.07,
          ],
          Array [
            0.425,
            0.07,
          ],
        ],
      ],
    },
    "_ - c": Object {
      "border": Array [
        Array [
          Array [
            0.125,
            -0.004,
          ],
          Array [
            0.325,
            -0.004,
          ],
          Array [
            0.325,
            0.07,
          ],
          Array [
            0.125,
            0.07,
          ],
        ],
      ],
      "touchBorder": Array [
        Array [
          Array [
            0.125,
            -0.004,
          ],
          Array [
            0.325,
            -0.004,
          ],
          Array [
            0.325,
            0.07,
          ],
          Array [
            0.125,
            0.07,
          ],
        ],
      ],
    },
    "_ - e": Object {
      "border": Array [
        Array [
          Array [
            0.325,
            -0.004,
          ],
          Array [
            0.525,
            -0.004,
          ],
          Array [
            0.525,
            0.07,
          ],
          Array [
            0.325,
            0.07,
          ],
        ],
      ],
      "touchBorder": Array [
        Array [
          Array [
            0.325,
            -0.004,
          ],
          Array [
            0.525,
            -0.004,
          ],
          Array [
            0.525,
            0.07,
          ],
          Array [
            0.325,
            0.07,
          ],
        ],
      ],
    },
    "a": Object {
      "border": Array [
        Array [
          Array [
            0,
            -0.004,
          ],
          Array [
            0.05,
            -0.004,
          ],
          Array [
            0.05,
            0.048,
          ],
          Array [
            0,
            0.048,
          ],
        ],
      ],
      "touchBorder": Array [
        Array [
          Array [
            0,
            -0.004,
          ],
          Array [
            0.05,
            -0.004,
          ],
          Array [
            0.05,
            0.048,
          ],
          Array [
            0,
            0.048,
          ],
        ],
      ],
    },
  },
  "touchBorder": Array [
    Array [
      Array [
        0,
        -0.025,
      ],
      Array [
        1.05,
        -0.025,
      ],
      Array [
        1.05,
        0.07,
      ],
      Array [
        0,
        0.07,
      ],
    ],
  ],
}
`;
